<?xml version="1.0"?>
<link_info>
   <banner>TI ARM Linker PC v5.2.9</banner>
   <copyright>Copyright (c) 1996-2017 Texas Instruments Incorporated</copyright>
   <link_time>0x66a1cc24</link_time>
   <link_errors>0x0</link_errors>
   <output_file>LLC_HB.out</output_file>
   <entry_point>
      <name>_c_int00</name>
      <address>0x3698</address>
   </entry_point>
   <input_file_list>
      <input_file id="fl-2">
         <path>.\Software\APP\</path>
         <kind>object</kind>
         <file>main.obj</file>
         <name>main.obj</name>
      </input_file>
      <input_file id="fl-3">
         <path>.\Software\Device\Source\</path>
         <kind>object</kind>
         <file>load_UCD3138A.obj</file>
         <name>load_UCD3138A.obj</name>
      </input_file>
      <input_file id="fl-4">
         <path>.\Software\Hardware_Drive\DPP\</path>
         <kind>object</kind>
         <file>init_dpwms.obj</file>
         <name>init_dpwms.obj</name>
      </input_file>
      <input_file id="fl-5">
         <path>.\Software\Hardware_Drive\DPP\</path>
         <kind>object</kind>
         <file>init_filters.obj</file>
         <name>init_filters.obj</name>
      </input_file>
      <input_file id="fl-6">
         <path>.\Software\Hardware_Drive\DPP\</path>
         <kind>object</kind>
         <file>init_front_ends.obj</file>
         <name>init_front_ends.obj</name>
      </input_file>
      <input_file id="fl-7">
         <path>.\Software\Hardware_Drive\DPP\</path>
         <kind>object</kind>
         <file>init_gpio.obj</file>
         <name>init_gpio.obj</name>
      </input_file>
      <input_file id="fl-8">
         <path>.\Software\Hardware_Drive\DPP\</path>
         <kind>object</kind>
         <file>init_loop_mux.obj</file>
         <name>init_loop_mux.obj</name>
      </input_file>
      <input_file id="fl-9">
         <path>.\Software\Hardware_Drive\Fault\</path>
         <kind>object</kind>
         <file>init_adc.obj</file>
         <name>init_adc.obj</name>
      </input_file>
      <input_file id="fl-a">
         <path>.\Software\Hardware_Drive\Fault\</path>
         <kind>object</kind>
         <file>init_fault_mux.obj</file>
         <name>init_fault_mux.obj</name>
      </input_file>
      <input_file id="fl-b">
         <path>.\Software\Hardware_Drive\Flash\</path>
         <kind>object</kind>
         <file>flash.obj</file>
         <name>flash.obj</name>
      </input_file>
      <input_file id="fl-c">
         <path>.\Software\Hardware_Drive\Interrupt\</path>
         <kind>object</kind>
         <file>clear_program_flash.obj</file>
         <name>clear_program_flash.obj</name>
      </input_file>
      <input_file id="fl-d">
         <path>.\Software\Hardware_Drive\Interrupt\</path>
         <kind>object</kind>
         <file>interrupt.obj</file>
         <name>interrupt.obj</name>
      </input_file>
      <input_file id="fl-e">
         <path>.\Software\Hardware_Drive\Interrupt\</path>
         <kind>object</kind>
         <file>software_interrupt.obj</file>
         <name>software_interrupt.obj</name>
      </input_file>
      <input_file id="fl-f">
         <path>.\Software\Hardware_Drive\Interrupt\</path>
         <kind>object</kind>
         <file>software_interrupt_wrapper.obj</file>
         <name>software_interrupt_wrapper.obj</name>
      </input_file>
      <input_file id="fl-10">
         <path>.\Software\Hardware_Drive\Interrupt\</path>
         <kind>object</kind>
         <file>standard_interrupt.obj</file>
         <name>standard_interrupt.obj</name>
      </input_file>
      <input_file id="fl-11">
         <path>.\Software\Hardware_Drive\Pmbus\</path>
         <kind>object</kind>
         <file>pmbus_command_indexes.obj</file>
         <name>pmbus_command_indexes.obj</name>
      </input_file>
      <input_file id="fl-12">
         <path>.\Software\Hardware_Drive\Pmbus\</path>
         <kind>object</kind>
         <file>pmbus_common.obj</file>
         <name>pmbus_common.obj</name>
      </input_file>
      <input_file id="fl-13">
         <path>.\Software\Hardware_Drive\Pmbus\</path>
         <kind>object</kind>
         <file>pmbus_driver.obj</file>
         <name>pmbus_driver.obj</name>
      </input_file>
      <input_file id="fl-14">
         <path>.\Software\Hardware_Drive\</path>
         <kind>object</kind>
         <file>constants.obj</file>
         <name>constants.obj</name>
      </input_file>
      <input_file id="fl-15">
         <path>.\Software\Hardware_Drive\</path>
         <kind>object</kind>
         <file>cyclone_global_variables_defs.obj</file>
         <name>cyclone_global_variables_defs.obj</name>
      </input_file>
      <input_file id="fl-16">
         <path>.\Software\Task_Handler\</path>
         <kind>object</kind>
         <file>configuration_functions.obj</file>
         <name>configuration_functions.obj</name>
      </input_file>
      <input_file id="fl-17">
         <path>.\Software\Task_Handler\</path>
         <kind>object</kind>
         <file>fault_handler.obj</file>
         <name>fault_handler.obj</name>
      </input_file>
      <input_file id="fl-18">
         <path>.\Software\Task_Handler\</path>
         <kind>object</kind>
         <file>scale.obj</file>
         <name>scale.obj</name>
      </input_file>
      <input_file id="fl-13f">
         <path>D:\APP\CCS\ccs\tools\compiler\ti-cgt-arm_5.2.9\lib\</path>
         <kind>archive</kind>
         <file>rtsv4_T_be_tiarm9.lib</file>
         <name>copy_decompress_none.obj</name>
      </input_file>
      <input_file id="fl-140">
         <path>D:\APP\CCS\ccs\tools\compiler\ti-cgt-arm_5.2.9\lib\</path>
         <kind>archive</kind>
         <file>rtsv4_T_be_tiarm9.lib</file>
         <name>copy_decompress_rle.obj</name>
      </input_file>
      <input_file id="fl-141">
         <path>D:\APP\CCS\ccs\tools\compiler\ti-cgt-arm_5.2.9\lib\</path>
         <kind>archive</kind>
         <file>rtsv4_T_be_tiarm9.lib</file>
         <name>copy_zero_init.obj</name>
      </input_file>
      <input_file id="fl-142">
         <path>D:\APP\CCS\ccs\tools\compiler\ti-cgt-arm_5.2.9\lib\</path>
         <kind>archive</kind>
         <file>rtsv4_T_be_tiarm9.lib</file>
         <name>fd_mul32.obj</name>
      </input_file>
      <input_file id="fl-143">
         <path>D:\APP\CCS\ccs\tools\compiler\ti-cgt-arm_5.2.9\lib\</path>
         <kind>archive</kind>
         <file>rtsv4_T_be_tiarm9.lib</file>
         <name>fd_tou32.obj</name>
      </input_file>
      <input_file id="fl-144">
         <path>D:\APP\CCS\ccs\tools\compiler\ti-cgt-arm_5.2.9\lib\</path>
         <kind>archive</kind>
         <file>rtsv4_T_be_tiarm9.lib</file>
         <name>i_div32.obj</name>
      </input_file>
      <input_file id="fl-145">
         <path>D:\APP\CCS\ccs\tools\compiler\ti-cgt-arm_5.2.9\lib\</path>
         <kind>archive</kind>
         <file>rtsv4_T_be_tiarm9.lib</file>
         <name>ll_mul16.obj</name>
      </input_file>
      <input_file id="fl-146">
         <path>D:\APP\CCS\ccs\tools\compiler\ti-cgt-arm_5.2.9\lib\</path>
         <kind>archive</kind>
         <file>rtsv4_T_be_tiarm9.lib</file>
         <name>memcpy16.obj</name>
      </input_file>
      <input_file id="fl-147">
         <path>D:\APP\CCS\ccs\tools\compiler\ti-cgt-arm_5.2.9\lib\</path>
         <kind>archive</kind>
         <file>rtsv4_T_be_tiarm9.lib</file>
         <name>memset16.obj</name>
      </input_file>
      <input_file id="fl-148">
         <path>D:\APP\CCS\ccs\tools\compiler\ti-cgt-arm_5.2.9\lib\</path>
         <kind>archive</kind>
         <file>rtsv4_T_be_tiarm9.lib</file>
         <name>u_div32.obj</name>
      </input_file>
      <input_file id="fl-149">
         <path>D:\APP\CCS\ccs\tools\compiler\ti-cgt-arm_5.2.9\lib\</path>
         <kind>archive</kind>
         <file>rtsv4_T_be_tiarm9.lib</file>
         <name>u_tofd32.obj</name>
      </input_file>
      <input_file id="fl-14a">
         <path>D:\APP\CCS\ccs\tools\compiler\ti-cgt-arm_5.2.9\lib\</path>
         <kind>archive</kind>
         <file>rtsv4_T_be_tiarm9.lib</file>
         <name>ull_div16.obj</name>
      </input_file>
      <input_file id="fl-14b">
         <path>D:\APP\CCS\ccs\tools\compiler\ti-cgt-arm_5.2.9\lib\</path>
         <kind>archive</kind>
         <file>rtsv4_T_be_tiarm9.lib</file>
         <name>ull_div32.obj</name>
      </input_file>
   </input_file_list>
   <object_component_list>
      <object_component id="oc-108">
         <name>.text</name>
         <load_address>0x20</load_address>
         <run_address>0x20</run_address>
         <size>0xc0c</size>
         <input_file_ref idref="fl-10"/>
      </object_component>
      <object_component id="oc-10a">
         <name>.text</name>
         <load_address>0xc2c</load_address>
         <run_address>0xc2c</run_address>
         <size>0x77c</size>
         <input_file_ref idref="fl-4"/>
      </object_component>
      <object_component id="oc-105">
         <name>.text</name>
         <load_address>0x13a8</load_address>
         <run_address>0x13a8</run_address>
         <size>0x47c</size>
         <input_file_ref idref="fl-12"/>
      </object_component>
      <object_component id="oc-116">
         <name>.text</name>
         <load_address>0x1824</load_address>
         <run_address>0x1824</run_address>
         <size>0x368</size>
         <input_file_ref idref="fl-16"/>
      </object_component>
      <object_component id="oc-111">
         <name>.text</name>
         <load_address>0x1b8c</load_address>
         <run_address>0x1b8c</run_address>
         <size>0x2a0</size>
         <input_file_ref idref="fl-e"/>
      </object_component>
      <object_component id="oc-110">
         <name>.text</name>
         <load_address>0x1e2c</load_address>
         <run_address>0x1e2c</run_address>
         <size>0x290</size>
         <input_file_ref idref="fl-13"/>
      </object_component>
      <object_component id="oc-120">
         <name>.text</name>
         <load_address>0x20bc</load_address>
         <run_address>0x20bc</run_address>
         <size>0x28c</size>
         <input_file_ref idref="fl-14b"/>
      </object_component>
      <object_component id="oc-112">
         <name>.text</name>
         <load_address>0x2348</load_address>
         <run_address>0x2348</run_address>
         <size>0x284</size>
         <input_file_ref idref="fl-17"/>
      </object_component>
      <object_component id="oc-10c">
         <name>.text</name>
         <load_address>0x25cc</load_address>
         <run_address>0x25cc</run_address>
         <size>0x210</size>
         <input_file_ref idref="fl-5"/>
      </object_component>
      <object_component id="oc-107">
         <name>.text</name>
         <load_address>0x27dc</load_address>
         <run_address>0x27dc</run_address>
         <size>0x1e0</size>
         <input_file_ref idref="fl-b"/>
      </object_component>
      <object_component id="oc-10e">
         <name>.text</name>
         <load_address>0x29bc</load_address>
         <run_address>0x29bc</run_address>
         <size>0x1bc</size>
         <input_file_ref idref="fl-a"/>
      </object_component>
      <object_component id="oc-106">
         <name>.text</name>
         <load_address>0x2b78</load_address>
         <run_address>0x2b78</run_address>
         <size>0x1a4</size>
         <input_file_ref idref="fl-8"/>
      </object_component>
      <object_component id="oc-113">
         <name>.text</name>
         <load_address>0x2d1c</load_address>
         <run_address>0x2d1c</run_address>
         <size>0x19c</size>
         <input_file_ref idref="fl-f"/>
      </object_component>
      <object_component id="oc-10d">
         <name>.text</name>
         <load_address>0x2eb8</load_address>
         <run_address>0x2eb8</run_address>
         <size>0x16c</size>
         <input_file_ref idref="fl-9"/>
      </object_component>
      <object_component id="oc-11d">
         <name>.text</name>
         <load_address>0x3024</load_address>
         <run_address>0x3024</run_address>
         <size>0x148</size>
         <input_file_ref idref="fl-18"/>
      </object_component>
      <object_component id="oc-118">
         <name>.text</name>
         <load_address>0x316c</load_address>
         <run_address>0x316c</run_address>
         <size>0x128</size>
         <input_file_ref idref="fl-142"/>
      </object_component>
      <object_component id="oc-11f">
         <name>.text</name>
         <load_address>0x3294</load_address>
         <run_address>0x3294</run_address>
         <size>0x100</size>
         <input_file_ref idref="fl-144"/>
      </object_component>
      <object_component id="oc-11e">
         <name>.text</name>
         <load_address>0x3394</load_address>
         <run_address>0x3394</run_address>
         <size>0xe0</size>
         <input_file_ref idref="fl-148"/>
      </object_component>
      <object_component id="oc-43">
         <name>.text</name>
         <load_address>0x3474</load_address>
         <run_address>0x3474</run_address>
         <size>0xd8</size>
         <input_file_ref idref="fl-3"/>
      </object_component>
      <object_component id="oc-7d">
         <name>.text:retain</name>
         <load_address>0x354c</load_address>
         <run_address>0x354c</run_address>
         <size>0xc0</size>
         <input_file_ref idref="fl-e"/>
      </object_component>
      <object_component id="oc-30">
         <name>.text</name>
         <load_address>0x360c</load_address>
         <run_address>0x360c</run_address>
         <size>0xa0</size>
         <input_file_ref idref="fl-2"/>
      </object_component>
      <object_component id="oc-88">
         <name>.text:retain</name>
         <load_address>0x36ac</load_address>
         <run_address>0x36ac</run_address>
         <size>0xa0</size>
         <input_file_ref idref="fl-10"/>
      </object_component>
      <object_component id="oc-102">
         <name>.text</name>
         <load_address>0x374c</load_address>
         <run_address>0x374c</run_address>
         <size>0x9a</size>
         <input_file_ref idref="fl-146"/>
      </object_component>
      <object_component id="oc-11c">
         <name>.text</name>
         <load_address>0x37e8</load_address>
         <run_address>0x37e8</run_address>
         <size>0x80</size>
         <input_file_ref idref="fl-c"/>
      </object_component>
      <object_component id="oc-109">
         <name>.text</name>
         <load_address>0x3868</load_address>
         <run_address>0x3868</run_address>
         <size>0x78</size>
         <input_file_ref idref="fl-7"/>
      </object_component>
      <object_component id="oc-10f">
         <name>.text</name>
         <load_address>0x38e0</load_address>
         <run_address>0x38e0</run_address>
         <size>0x78</size>
         <input_file_ref idref="fl-d"/>
      </object_component>
      <object_component id="oc-119">
         <name>.text</name>
         <load_address>0x3958</load_address>
         <run_address>0x3958</run_address>
         <size>0x58</size>
         <input_file_ref idref="fl-143"/>
      </object_component>
      <object_component id="oc-10b">
         <name>.text</name>
         <load_address>0x39b0</load_address>
         <run_address>0x39b0</run_address>
         <size>0x54</size>
         <input_file_ref idref="fl-6"/>
      </object_component>
      <object_component id="oc-117">
         <name>.text</name>
         <load_address>0x3a04</load_address>
         <run_address>0x3a04</run_address>
         <size>0x34</size>
         <input_file_ref idref="fl-149"/>
      </object_component>
      <object_component id="oc-123">
         <name>.text</name>
         <load_address>0x3a38</load_address>
         <run_address>0x3a38</run_address>
         <size>0x2a</size>
         <input_file_ref idref="fl-145"/>
      </object_component>
      <object_component id="oc-11b">
         <name>.text</name>
         <load_address>0x3a64</load_address>
         <run_address>0x3a64</run_address>
         <size>0x28</size>
         <input_file_ref idref="fl-11"/>
      </object_component>
      <object_component id="oc-11a">
         <name>.text</name>
         <load_address>0x3a8c</load_address>
         <run_address>0x3a8c</run_address>
         <size>0x16</size>
         <input_file_ref idref="fl-14a"/>
      </object_component>
      <object_component id="oc-77">
         <name>.text:retain</name>
         <load_address>0x3aa4</load_address>
         <run_address>0x3aa4</run_address>
         <size>0x10</size>
         <input_file_ref idref="fl-d"/>
      </object_component>
      <object_component id="oc-170">
         <name>.tramp._init_interrupt.1</name>
         <load_address>0x3ab4</load_address>
         <run_address>0x3ab4</run_address>
         <size>0x10</size>
         <input_file_ref idref="fl-d"/>
      </object_component>
      <object_component id="oc-16f">
         <name>.tramp._transition_to_idle_state.1</name>
         <load_address>0x3ac4</load_address>
         <run_address>0x3ac4</run_address>
         <size>0x10</size>
         <input_file_ref idref="fl-10"/>
      </object_component>
      <object_component id="oc-16e">
         <name>.tramp._init_variables.1</name>
         <load_address>0x3ad4</load_address>
         <run_address>0x3ad4</run_address>
         <size>0x10</size>
         <input_file_ref idref="fl-10"/>
      </object_component>
      <object_component id="oc-16d">
         <name>.tramp._erase_data_flash_segment.1</name>
         <load_address>0x3ae4</load_address>
         <run_address>0x3ae4</run_address>
         <size>0x10</size>
         <input_file_ref idref="fl-f"/>
      </object_component>
      <object_component id="oc-16c">
         <name>.tramp._erase_dflash_segment_no_delay.1</name>
         <load_address>0x3af4</load_address>
         <run_address>0x3af4</run_address>
         <size>0x10</size>
         <input_file_ref idref="fl-f"/>
      </object_component>
      <object_component id="oc-16b">
         <name>.tramp._write_data_flash_block.1</name>
         <load_address>0x3b04</load_address>
         <run_address>0x3b04</run_address>
         <size>0x10</size>
         <input_file_ref idref="fl-f"/>
      </object_component>
      <object_component id="oc-16a">
         <name>.tramp._clear_integrity_word.1</name>
         <load_address>0x3b14</load_address>
         <run_address>0x3b14</run_address>
         <size>0x10</size>
         <input_file_ref idref="fl-f"/>
      </object_component>
      <object_component id="oc-169">
         <name>.tramp.$.text:configuration_functions.obj$0x138.1</name>
         <load_address>0x3b24</load_address>
         <run_address>0x3b24</run_address>
         <size>0xc</size>
         <input_file_ref idref="fl-16"/>
      </object_component>
      <object_component id="oc-168">
         <name>.tramp.$.text:configuration_functions.obj$0x1d0.1</name>
         <load_address>0x3b30</load_address>
         <run_address>0x3b30</run_address>
         <size>0xc</size>
         <input_file_ref idref="fl-16"/>
      </object_component>
      <object_component id="oc-167">
         <name>.tramp.$.text:configuration_functions.obj$0x28.1</name>
         <load_address>0x3b3c</load_address>
         <run_address>0x3b3c</run_address>
         <size>0xc</size>
         <input_file_ref idref="fl-16"/>
      </object_component>
      <object_component id="oc-166">
         <name>.tramp.$.text:configuration_functions.obj$0x264.1</name>
         <load_address>0x3b48</load_address>
         <run_address>0x3b48</run_address>
         <size>0xc</size>
         <input_file_ref idref="fl-16"/>
      </object_component>
      <object_component id="oc-165">
         <name>.tramp.$.text:configuration_functions.obj$0x160.1</name>
         <load_address>0x3b54</load_address>
         <run_address>0x3b54</run_address>
         <size>0xc</size>
         <input_file_ref idref="fl-16"/>
      </object_component>
      <object_component id="oc-164">
         <name>.tramp.$.text:init_gpio.obj$0x54.1</name>
         <load_address>0x3b60</load_address>
         <run_address>0x3b60</run_address>
         <size>0xc</size>
         <input_file_ref idref="fl-7"/>
      </object_component>
      <object_component id="oc-163">
         <name>.tramp.$.text:configuration_functions.obj$0xcc.1</name>
         <load_address>0x3b6c</load_address>
         <run_address>0x3b6c</run_address>
         <size>0xc</size>
         <input_file_ref idref="fl-16"/>
      </object_component>
      <object_component id="oc-162">
         <name>.tramp.$.text:configuration_functions.obj$0x244.1</name>
         <load_address>0x3b78</load_address>
         <run_address>0x3b78</run_address>
         <size>0xc</size>
         <input_file_ref idref="fl-16"/>
      </object_component>
      <object_component id="oc-161">
         <name>.tramp.$.text:fault_handler.obj$0x0.1</name>
         <load_address>0x3b84</load_address>
         <run_address>0x3b84</run_address>
         <size>0xc</size>
         <input_file_ref idref="fl-17"/>
      </object_component>
      <object_component id="oc-160">
         <name>.tramp.$.text:fault_handler.obj$0xf8.1</name>
         <load_address>0x3b90</load_address>
         <run_address>0x3b90</run_address>
         <size>0xc</size>
         <input_file_ref idref="fl-17"/>
      </object_component>
      <object_component id="oc-15f">
         <name>.tramp.$.text:configuration_functions.obj$0x0.1</name>
         <load_address>0x3b9c</load_address>
         <run_address>0x3b9c</run_address>
         <size>0xc</size>
         <input_file_ref idref="fl-16"/>
      </object_component>
      <object_component id="oc-15e">
         <name>.tramp.$.text:fault_handler.obj$0xb8.1</name>
         <load_address>0x3ba8</load_address>
         <run_address>0x3ba8</run_address>
         <size>0xc</size>
         <input_file_ref idref="fl-17"/>
      </object_component>
      <object_component id="oc-15d">
         <name>.tramp.$.text:init_adc.obj$0x0.1</name>
         <load_address>0x3bb4</load_address>
         <run_address>0x3bb4</run_address>
         <size>0xc</size>
         <input_file_ref idref="fl-9"/>
      </object_component>
      <object_component id="oc-15c">
         <name>.tramp.$.text:init_filters.obj$0x0.1</name>
         <load_address>0x3bc0</load_address>
         <run_address>0x3bc0</run_address>
         <size>0xc</size>
         <input_file_ref idref="fl-5"/>
      </object_component>
      <object_component id="oc-15b">
         <name>.tramp.$.text:init_dpwms.obj$0x354.1</name>
         <load_address>0x3bcc</load_address>
         <run_address>0x3bcc</run_address>
         <size>0xc</size>
         <input_file_ref idref="fl-4"/>
      </object_component>
      <object_component id="oc-15a">
         <name>.tramp.$.text:init_gpio.obj$0x60.1</name>
         <load_address>0x3bd8</load_address>
         <run_address>0x3bd8</run_address>
         <size>0xc</size>
         <input_file_ref idref="fl-7"/>
      </object_component>
      <object_component id="oc-159">
         <name>.tramp.$.text:init_loop_mux.obj$0x170.1</name>
         <load_address>0x3be4</load_address>
         <run_address>0x3be4</run_address>
         <size>0xc</size>
         <input_file_ref idref="fl-8"/>
      </object_component>
      <object_component id="oc-158">
         <name>.tramp.$.text:init_loop_mux.obj$0x178.1</name>
         <load_address>0x3bf0</load_address>
         <run_address>0x3bf0</run_address>
         <size>0xc</size>
         <input_file_ref idref="fl-8"/>
      </object_component>
      <object_component id="oc-122">
         <name>.const:.string:_pmbus_index_array</name>
         <load_address>0x3c00</load_address>
         <run_address>0x3c00</run_address>
         <size>0x100</size>
         <input_file_ref idref="fl-11"/>
      </object_component>
      <object_component id="oc-94">
         <name>.const:.string</name>
         <load_address>0x3d00</load_address>
         <run_address>0x3d00</run_address>
         <size>0xa0</size>
         <input_file_ref idref="fl-12"/>
      </object_component>
      <object_component id="oc-121">
         <name>.const:_pmbus_commands</name>
         <load_address>0x3da0</load_address>
         <run_address>0x3da0</run_address>
         <size>0x88</size>
         <input_file_ref idref="fl-11"/>
      </object_component>
      <object_component id="oc-115">
         <name>.const:_parm_mem_start</name>
         <load_address>0x3e28</load_address>
         <run_address>0x3e28</run_address>
         <size>0x4c</size>
         <input_file_ref idref="fl-12"/>
      </object_component>
      <object_component id="oc-8e">
         <name>.const:.string</name>
         <load_address>0x3e74</load_address>
         <run_address>0x3e74</run_address>
         <size>0x40</size>
         <input_file_ref idref="fl-11"/>
      </object_component>
      <object_component id="oc-bc">
         <name>.const</name>
         <load_address>0x3eb4</load_address>
         <run_address>0x3eb4</run_address>
         <size>0x40</size>
         <input_file_ref idref="fl-16"/>
      </object_component>
      <object_component id="oc-114">
         <name>.const:_parm_mem_length</name>
         <load_address>0x3ef4</load_address>
         <run_address>0x3ef4</run_address>
         <size>0x26</size>
         <input_file_ref idref="fl-12"/>
      </object_component>
      <object_component id="oc-95">
         <name>FixedDeviceID</name>
         <load_address>0x7f58</load_address>
         <run_address>0x7f58</run_address>
         <size>0x1f</size>
         <input_file_ref idref="fl-12"/>
      </object_component>
      <object_component id="oc-44">
         <name>.vectors</name>
         <load_address>0x0</load_address>
         <run_address>0x0</run_address>
         <size>0x20</size>
         <input_file_ref idref="fl-3"/>
      </object_component>
      <object_component id="oc-a0">
         <name>.CONFIG</name>
         <load_address>0x18800</load_address>
         <run_address>0x18800</run_address>
         <size>0x1cc</size>
         <input_file_ref idref="fl-14"/>
      </object_component>
      <object_component id="oc-31">
         <name>.bss</name>
         <uninitialized>true</uninitialized>
         <run_address>0x1901c</run_address>
         <size>0x12a</size>
         <input_file_ref idref="fl-2"/>
      </object_component>
      <object_component id="oc-33">
         <name>.bss:_pmbus_dcdc_config</name>
         <uninitialized>true</uninitialized>
         <run_address>0x19148</run_address>
         <size>0x58</size>
         <input_file_ref idref="fl-2"/>
      </object_component>
      <object_component id="oc-34">
         <name>.bss:_pmbus_dcdc_config_translated</name>
         <uninitialized>true</uninitialized>
         <run_address>0x191a0</run_address>
         <size>0x58</size>
         <input_file_ref idref="fl-2"/>
      </object_component>
      <object_component id="oc-35">
         <name>.bss:_pmbus_dcdc_config_nonpaged</name>
         <uninitialized>true</uninitialized>
         <run_address>0x193f8</run_address>
         <size>0x30</size>
         <input_file_ref idref="fl-2"/>
      </object_component>
      <object_component id="oc-36">
         <name>.bss:_pmbus_dcdc_config_nonpaged_translated</name>
         <uninitialized>true</uninitialized>
         <run_address>0x19428</run_address>
         <size>0x30</size>
         <input_file_ref idref="fl-2"/>
      </object_component>
      <object_component id="oc-37">
         <name>.bss:_filter0_pmbus_regs</name>
         <uninitialized>true</uninitialized>
         <run_address>0x19244</run_address>
         <size>0x4c</size>
         <input_file_ref idref="fl-2"/>
      </object_component>
      <object_component id="oc-38">
         <name>.bss:_filter0_start_up_pmbus_regs</name>
         <uninitialized>true</uninitialized>
         <run_address>0x19290</run_address>
         <size>0x4c</size>
         <input_file_ref idref="fl-2"/>
      </object_component>
      <object_component id="oc-39">
         <name>.bss:_filter0_cp_pmbus_regs</name>
         <uninitialized>true</uninitialized>
         <run_address>0x191f8</run_address>
         <size>0x4c</size>
         <input_file_ref idref="fl-2"/>
      </object_component>
      <object_component id="oc-3a">
         <name>.bss:_filter1_pmbus_regs</name>
         <uninitialized>true</uninitialized>
         <run_address>0x192dc</run_address>
         <size>0x4c</size>
         <input_file_ref idref="fl-2"/>
      </object_component>
      <object_component id="oc-3b">
         <name>.bss:_pmbus_buffer</name>
         <uninitialized>true</uninitialized>
         <run_address>0x193c4</run_address>
         <size>0x34</size>
         <input_file_ref idref="fl-2"/>
      </object_component>
      <object_component id="oc-3c">
         <name>.bss:_adc_values</name>
         <uninitialized>true</uninitialized>
         <run_address>0x19328</run_address>
         <size>0x34</size>
         <input_file_ref idref="fl-2"/>
      </object_component>
      <object_component id="oc-3d">
         <name>.bss:_adc_values_avg</name>
         <uninitialized>true</uninitialized>
         <run_address>0x1935c</run_address>
         <size>0x34</size>
         <input_file_ref idref="fl-2"/>
      </object_component>
      <object_component id="oc-3e">
         <name>.bss:_fiq_data</name>
         <uninitialized>true</uninitialized>
         <run_address>0x19390</run_address>
         <size>0x34</size>
         <input_file_ref idref="fl-2"/>
      </object_component>
      <object_component id="oc-13">
         <name>_StackUSER_</name>
         <uninitialized>true</uninitialized>
         <run_address>0x19e6c</run_address>
         <size>0x0</size>
      </object_component>
      <object_component id="oc-b2">
         <name>LoopMuxRegsFile</name>
         <uninitialized>true</uninitialized>
         <run_address>0x20000</run_address>
         <size>0x90</size>
         <input_file_ref idref="fl-15"/>
      </object_component>
      <object_component id="oc-aa">
         <name>FaultMuxRegsFile</name>
         <uninitialized>true</uninitialized>
         <run_address>0x30000</run_address>
         <size>0x80</size>
         <input_file_ref idref="fl-15"/>
      </object_component>
      <object_component id="oc-b8">
         <name>Uart0RegsFile</name>
         <uninitialized>true</uninitialized>
         <run_address>0xfff7ec00</run_address>
         <size>0x50</size>
         <input_file_ref idref="fl-15"/>
      </object_component>
      <object_component id="oc-b9">
         <name>Uart1RegsFile</name>
         <uninitialized>true</uninitialized>
         <run_address>0xfff7ed00</run_address>
         <size>0x50</size>
         <input_file_ref idref="fl-15"/>
      </object_component>
      <object_component id="oc-a3">
         <name>AdcRegsFile</name>
         <uninitialized>true</uninitialized>
         <run_address>0x40000</run_address>
         <size>0x98</size>
         <input_file_ref idref="fl-15"/>
      </object_component>
      <object_component id="oc-a9">
         <name>Dpwm3RegsFile</name>
         <uninitialized>true</uninitialized>
         <run_address>0x50000</run_address>
         <size>0x90</size>
         <input_file_ref idref="fl-15"/>
      </object_component>
      <object_component id="oc-b1">
         <name>Filter2RegsFile</name>
         <uninitialized>true</uninitialized>
         <run_address>0x60000</run_address>
         <size>0x64</size>
         <input_file_ref idref="fl-15"/>
      </object_component>
      <object_component id="oc-a8">
         <name>Dpwm2RegsFile</name>
         <uninitialized>true</uninitialized>
         <run_address>0x70000</run_address>
         <size>0x90</size>
         <input_file_ref idref="fl-15"/>
      </object_component>
      <object_component id="oc-ad">
         <name>FeCtrl2RegsFile</name>
         <uninitialized>true</uninitialized>
         <run_address>0x80000</run_address>
         <size>0x44</size>
         <input_file_ref idref="fl-15"/>
      </object_component>
      <object_component id="oc-af">
         <name>Filter1RegsFile</name>
         <uninitialized>true</uninitialized>
         <run_address>0x90000</run_address>
         <size>0x64</size>
         <input_file_ref idref="fl-15"/>
      </object_component>
      <object_component id="oc-a7">
         <name>Dpwm1RegsFile</name>
         <uninitialized>true</uninitialized>
         <run_address>0xa0000</run_address>
         <size>0x90</size>
         <input_file_ref idref="fl-15"/>
      </object_component>
      <object_component id="oc-ac">
         <name>FeCtrl1RegsFile</name>
         <uninitialized>true</uninitialized>
         <run_address>0xb0000</run_address>
         <size>0x44</size>
         <input_file_ref idref="fl-15"/>
      </object_component>
      <object_component id="oc-ae">
         <name>Filter0RegsFile</name>
         <uninitialized>true</uninitialized>
         <run_address>0xc0000</run_address>
         <size>0x64</size>
         <input_file_ref idref="fl-15"/>
      </object_component>
      <object_component id="oc-a6">
         <name>Dpwm0RegsFile</name>
         <uninitialized>true</uninitialized>
         <run_address>0xd0000</run_address>
         <size>0x90</size>
         <input_file_ref idref="fl-15"/>
      </object_component>
      <object_component id="oc-ab">
         <name>FeCtrl0RegsFile</name>
         <uninitialized>true</uninitialized>
         <run_address>0xe0000</run_address>
         <size>0x44</size>
         <input_file_ref idref="fl-15"/>
      </object_component>
      <object_component id="oc-b3">
         <name>MiscAnalogRegsFile</name>
         <uninitialized>true</uninitialized>
         <run_address>0xfff7f000</run_address>
         <size>0x48</size>
         <input_file_ref idref="fl-15"/>
      </object_component>
      <object_component id="oc-b5">
         <name>PMBusRegsFile</name>
         <uninitialized>true</uninitialized>
         <run_address>0xfff7f600</run_address>
         <size>0x24</size>
         <input_file_ref idref="fl-15"/>
      </object_component>
      <object_component id="oc-b0">
         <name>GioRegsFile</name>
         <uninitialized>true</uninitialized>
         <run_address>0xfff7fa00</run_address>
         <size>0x40</size>
         <input_file_ref idref="fl-15"/>
      </object_component>
      <object_component id="oc-b7">
         <name>TimerRegsFile</name>
         <uninitialized>true</uninitialized>
         <run_address>0xfff7fd00</run_address>
         <size>0x9c</size>
         <input_file_ref idref="fl-15"/>
      </object_component>
      <object_component id="oc-a4">
         <name>CimRegsFile</name>
         <uninitialized>true</uninitialized>
         <run_address>0xffffff20</run_address>
         <size>0x18</size>
         <input_file_ref idref="fl-15"/>
      </object_component>
      <object_component id="oc-a5">
         <name>DecRegsFile</name>
         <uninitialized>true</uninitialized>
         <run_address>0xfffffe00</run_address>
         <size>0x9c</size>
         <input_file_ref idref="fl-15"/>
      </object_component>
      <object_component id="oc-b4">
         <name>MmcRegsFile</name>
         <uninitialized>true</uninitialized>
         <run_address>0xfffffd00</run_address>
         <size>0x3c</size>
         <input_file_ref idref="fl-15"/>
      </object_component>
      <object_component id="oc-b6">
         <name>SysRegsFile</name>
         <uninitialized>true</uninitialized>
         <run_address>0xffffffd0</run_address>
         <size>0x30</size>
         <input_file_ref idref="fl-15"/>
      </object_component>
      <object_component id="oc-32">
         <name>.debug_info</name>
         <load_address>0x0</load_address>
         <run_address>0x0</run_address>
         <size>0xa453</size>
         <input_file_ref idref="fl-2"/>
      </object_component>
      <object_component id="oc-45">
         <name>.debug_info</name>
         <load_address>0xa453</load_address>
         <run_address>0xa453</run_address>
         <size>0x167</size>
         <input_file_ref idref="fl-3"/>
      </object_component>
      <object_component id="oc-49">
         <name>.debug_info</name>
         <load_address>0xa5ba</load_address>
         <run_address>0xa5ba</run_address>
         <size>0x82c0</size>
         <input_file_ref idref="fl-4"/>
      </object_component>
      <object_component id="oc-4e">
         <name>.debug_info</name>
         <load_address>0x1287a</load_address>
         <run_address>0x1287a</run_address>
         <size>0x93f8</size>
         <input_file_ref idref="fl-5"/>
      </object_component>
      <object_component id="oc-53">
         <name>.debug_info</name>
         <load_address>0x1bc72</load_address>
         <run_address>0x1bc72</run_address>
         <size>0x16ae</size>
         <input_file_ref idref="fl-6"/>
      </object_component>
      <object_component id="oc-58">
         <name>.debug_info</name>
         <load_address>0x1d320</load_address>
         <run_address>0x1d320</run_address>
         <size>0x27a8</size>
         <input_file_ref idref="fl-7"/>
      </object_component>
      <object_component id="oc-5d">
         <name>.debug_info</name>
         <load_address>0x1fac8</load_address>
         <run_address>0x1fac8</run_address>
         <size>0x7fec</size>
         <input_file_ref idref="fl-8"/>
      </object_component>
      <object_component id="oc-62">
         <name>.debug_info</name>
         <load_address>0x27ab4</load_address>
         <run_address>0x27ab4</run_address>
         <size>0x1d56</size>
         <input_file_ref idref="fl-9"/>
      </object_component>
      <object_component id="oc-67">
         <name>.debug_info</name>
         <load_address>0x2980a</load_address>
         <run_address>0x2980a</run_address>
         <size>0x77d3</size>
         <input_file_ref idref="fl-a"/>
      </object_component>
      <object_component id="oc-6c">
         <name>.debug_info</name>
         <load_address>0x30fdd</load_address>
         <run_address>0x30fdd</run_address>
         <size>0x3558</size>
         <input_file_ref idref="fl-b"/>
      </object_component>
      <object_component id="oc-71">
         <name>.debug_info</name>
         <load_address>0x34535</load_address>
         <run_address>0x34535</run_address>
         <size>0x15d8</size>
         <input_file_ref idref="fl-c"/>
      </object_component>
      <object_component id="oc-76">
         <name>.debug_info</name>
         <load_address>0x35b0d</load_address>
         <run_address>0x35b0d</run_address>
         <size>0x635f</size>
         <input_file_ref idref="fl-d"/>
      </object_component>
      <object_component id="oc-7c">
         <name>.debug_info</name>
         <load_address>0x3be6c</load_address>
         <run_address>0x3be6c</run_address>
         <size>0x381b</size>
         <input_file_ref idref="fl-e"/>
      </object_component>
      <object_component id="oc-82">
         <name>.debug_info</name>
         <load_address>0x3f687</load_address>
         <run_address>0x3f687</run_address>
         <size>0xf03</size>
         <input_file_ref idref="fl-f"/>
      </object_component>
      <object_component id="oc-87">
         <name>.debug_info</name>
         <load_address>0x4058a</load_address>
         <run_address>0x4058a</run_address>
         <size>0x10a1d</size>
         <input_file_ref idref="fl-10"/>
      </object_component>
      <object_component id="oc-8d">
         <name>.debug_info</name>
         <load_address>0x50fa7</load_address>
         <run_address>0x50fa7</run_address>
         <size>0x983</size>
         <input_file_ref idref="fl-11"/>
      </object_component>
      <object_component id="oc-93">
         <name>.debug_info</name>
         <load_address>0x5192a</load_address>
         <run_address>0x5192a</run_address>
         <size>0x6b54</size>
         <input_file_ref idref="fl-12"/>
      </object_component>
      <object_component id="oc-9a">
         <name>.debug_info</name>
         <load_address>0x5847e</load_address>
         <run_address>0x5847e</run_address>
         <size>0x1dae</size>
         <input_file_ref idref="fl-13"/>
      </object_component>
      <object_component id="oc-9f">
         <name>.debug_info</name>
         <load_address>0x5a22c</load_address>
         <run_address>0x5a22c</run_address>
         <size>0x1f9f</size>
         <input_file_ref idref="fl-14"/>
      </object_component>
      <object_component id="oc-a2">
         <name>.debug_info</name>
         <load_address>0x5c1cb</load_address>
         <run_address>0x5c1cb</run_address>
         <size>0x179ae</size>
         <input_file_ref idref="fl-15"/>
      </object_component>
      <object_component id="oc-bb">
         <name>.debug_info</name>
         <load_address>0x73b79</load_address>
         <run_address>0x73b79</run_address>
         <size>0x76e9</size>
         <input_file_ref idref="fl-16"/>
      </object_component>
      <object_component id="oc-c1">
         <name>.debug_info</name>
         <load_address>0x7b262</load_address>
         <run_address>0x7b262</run_address>
         <size>0x71f1</size>
         <input_file_ref idref="fl-17"/>
      </object_component>
      <object_component id="oc-c6">
         <name>.debug_info</name>
         <load_address>0x82453</load_address>
         <run_address>0x82453</run_address>
         <size>0x798</size>
         <input_file_ref idref="fl-18"/>
      </object_component>
      <object_component id="oc-cb">
         <name>.debug_info</name>
         <load_address>0x82beb</load_address>
         <run_address>0x82beb</run_address>
         <size>0x21d</size>
         <input_file_ref idref="fl-13f"/>
      </object_component>
      <object_component id="oc-d0">
         <name>.debug_info</name>
         <load_address>0x82e08</load_address>
         <run_address>0x82e08</run_address>
         <size>0x203</size>
         <input_file_ref idref="fl-140"/>
      </object_component>
      <object_component id="oc-d5">
         <name>.debug_info</name>
         <load_address>0x8300b</load_address>
         <run_address>0x8300b</run_address>
         <size>0x20c</size>
         <input_file_ref idref="fl-141"/>
      </object_component>
      <object_component id="oc-da">
         <name>.debug_info</name>
         <load_address>0x83217</load_address>
         <run_address>0x83217</run_address>
         <size>0x102</size>
         <input_file_ref idref="fl-142"/>
      </object_component>
      <object_component id="oc-de">
         <name>.debug_info</name>
         <load_address>0x83319</load_address>
         <run_address>0x83319</run_address>
         <size>0xf9</size>
         <input_file_ref idref="fl-143"/>
      </object_component>
      <object_component id="oc-e2">
         <name>.debug_info</name>
         <load_address>0x83412</load_address>
         <run_address>0x83412</run_address>
         <size>0x107</size>
         <input_file_ref idref="fl-144"/>
      </object_component>
      <object_component id="oc-e6">
         <name>.debug_info</name>
         <load_address>0x83519</load_address>
         <run_address>0x83519</run_address>
         <size>0xe4</size>
         <input_file_ref idref="fl-145"/>
      </object_component>
      <object_component id="oc-ea">
         <name>.debug_info</name>
         <load_address>0x835fd</load_address>
         <run_address>0x835fd</run_address>
         <size>0xe2</size>
         <input_file_ref idref="fl-146"/>
      </object_component>
      <object_component id="oc-ee">
         <name>.debug_info</name>
         <load_address>0x836df</load_address>
         <run_address>0x836df</run_address>
         <size>0xab</size>
         <input_file_ref idref="fl-147"/>
      </object_component>
      <object_component id="oc-f2">
         <name>.debug_info</name>
         <load_address>0x8378a</load_address>
         <run_address>0x8378a</run_address>
         <size>0x107</size>
         <input_file_ref idref="fl-148"/>
      </object_component>
      <object_component id="oc-f6">
         <name>.debug_info</name>
         <load_address>0x83891</load_address>
         <run_address>0x83891</run_address>
         <size>0xe7</size>
         <input_file_ref idref="fl-149"/>
      </object_component>
      <object_component id="oc-fa">
         <name>.debug_info</name>
         <load_address>0x83978</load_address>
         <run_address>0x83978</run_address>
         <size>0xf5</size>
         <input_file_ref idref="fl-14a"/>
      </object_component>
      <object_component id="oc-fe">
         <name>.debug_info</name>
         <load_address>0x83a6d</load_address>
         <run_address>0x83a6d</run_address>
         <size>0xf3</size>
         <input_file_ref idref="fl-14b"/>
      </object_component>
      <object_component id="oc-171">
         <name>.debug_info</name>
         <load_address>0x83b60</load_address>
         <run_address>0x83b60</run_address>
         <size>0xa90</size>
      </object_component>
      <object_component id="oc-3f">
         <name>.debug_frame</name>
         <load_address>0x0</load_address>
         <run_address>0x0</run_address>
         <size>0x57</size>
         <input_file_ref idref="fl-2"/>
      </object_component>
      <object_component id="oc-4a">
         <name>.debug_frame</name>
         <load_address>0x57</load_address>
         <run_address>0x57</run_address>
         <size>0x12e</size>
         <input_file_ref idref="fl-4"/>
      </object_component>
      <object_component id="oc-4f">
         <name>.debug_frame</name>
         <load_address>0x185</load_address>
         <run_address>0x185</run_address>
         <size>0x9b</size>
         <input_file_ref idref="fl-5"/>
      </object_component>
      <object_component id="oc-54">
         <name>.debug_frame</name>
         <load_address>0x220</load_address>
         <run_address>0x220</run_address>
         <size>0x41</size>
         <input_file_ref idref="fl-6"/>
      </object_component>
      <object_component id="oc-59">
         <name>.debug_frame</name>
         <load_address>0x261</load_address>
         <run_address>0x261</run_address>
         <size>0x85</size>
         <input_file_ref idref="fl-7"/>
      </object_component>
      <object_component id="oc-5e">
         <name>.debug_frame</name>
         <load_address>0x2e6</load_address>
         <run_address>0x2e6</run_address>
         <size>0x8b</size>
         <input_file_ref idref="fl-8"/>
      </object_component>
      <object_component id="oc-63">
         <name>.debug_frame</name>
         <load_address>0x371</load_address>
         <run_address>0x371</run_address>
         <size>0x6a</size>
         <input_file_ref idref="fl-9"/>
      </object_component>
      <object_component id="oc-68">
         <name>.debug_frame</name>
         <load_address>0x3db</load_address>
         <run_address>0x3db</run_address>
         <size>0x9e</size>
         <input_file_ref idref="fl-a"/>
      </object_component>
      <object_component id="oc-6d">
         <name>.debug_frame</name>
         <load_address>0x479</load_address>
         <run_address>0x479</run_address>
         <size>0xf8</size>
         <input_file_ref idref="fl-b"/>
      </object_component>
      <object_component id="oc-72">
         <name>.debug_frame</name>
         <load_address>0x571</load_address>
         <run_address>0x571</run_address>
         <size>0x52</size>
         <input_file_ref idref="fl-c"/>
      </object_component>
      <object_component id="oc-78">
         <name>.debug_frame</name>
         <load_address>0x5c3</load_address>
         <run_address>0x5c3</run_address>
         <size>0x8e</size>
         <input_file_ref idref="fl-d"/>
      </object_component>
      <object_component id="oc-7e">
         <name>.debug_frame</name>
         <load_address>0x651</load_address>
         <run_address>0x651</run_address>
         <size>0x170</size>
         <input_file_ref idref="fl-e"/>
      </object_component>
      <object_component id="oc-83">
         <name>.debug_frame</name>
         <load_address>0x7c1</load_address>
         <run_address>0x7c1</run_address>
         <size>0x19c</size>
         <input_file_ref idref="fl-f"/>
      </object_component>
      <object_component id="oc-89">
         <name>.debug_frame</name>
         <load_address>0x95d</load_address>
         <run_address>0x95d</run_address>
         <size>0x197</size>
         <input_file_ref idref="fl-10"/>
      </object_component>
      <object_component id="oc-8f">
         <name>.debug_frame</name>
         <load_address>0xaf4</load_address>
         <run_address>0xaf4</run_address>
         <size>0x49</size>
         <input_file_ref idref="fl-11"/>
      </object_component>
      <object_component id="oc-96">
         <name>.debug_frame</name>
         <load_address>0xb3d</load_address>
         <run_address>0xb3d</run_address>
         <size>0x29f</size>
         <input_file_ref idref="fl-12"/>
      </object_component>
      <object_component id="oc-9b">
         <name>.debug_frame</name>
         <load_address>0xddc</load_address>
         <run_address>0xddc</run_address>
         <size>0xd8</size>
         <input_file_ref idref="fl-13"/>
      </object_component>
      <object_component id="oc-bd">
         <name>.debug_frame</name>
         <load_address>0xeb4</load_address>
         <run_address>0xeb4</run_address>
         <size>0x1d4</size>
         <input_file_ref idref="fl-16"/>
      </object_component>
      <object_component id="oc-c2">
         <name>.debug_frame</name>
         <load_address>0x1088</load_address>
         <run_address>0x1088</run_address>
         <size>0xa4</size>
         <input_file_ref idref="fl-17"/>
      </object_component>
      <object_component id="oc-c7">
         <name>.debug_frame</name>
         <load_address>0x112c</load_address>
         <run_address>0x112c</run_address>
         <size>0xcc</size>
         <input_file_ref idref="fl-18"/>
      </object_component>
      <object_component id="oc-cc">
         <name>.debug_frame</name>
         <load_address>0x11f8</load_address>
         <run_address>0x11f8</run_address>
         <size>0x30</size>
         <input_file_ref idref="fl-13f"/>
      </object_component>
      <object_component id="oc-d1">
         <name>.debug_frame</name>
         <load_address>0x1228</load_address>
         <run_address>0x1228</run_address>
         <size>0x30</size>
         <input_file_ref idref="fl-140"/>
      </object_component>
      <object_component id="oc-d6">
         <name>.debug_frame</name>
         <load_address>0x1258</load_address>
         <run_address>0x1258</run_address>
         <size>0x30</size>
         <input_file_ref idref="fl-141"/>
      </object_component>
      <object_component id="oc-40">
         <name>.debug_line</name>
         <load_address>0x0</load_address>
         <run_address>0x0</run_address>
         <size>0x8e</size>
         <input_file_ref idref="fl-2"/>
      </object_component>
      <object_component id="oc-46">
         <name>.debug_line</name>
         <load_address>0x8e</load_address>
         <run_address>0x8e</run_address>
         <size>0xba</size>
         <input_file_ref idref="fl-3"/>
      </object_component>
      <object_component id="oc-4b">
         <name>.debug_line</name>
         <load_address>0x148</load_address>
         <run_address>0x148</run_address>
         <size>0x368</size>
         <input_file_ref idref="fl-4"/>
      </object_component>
      <object_component id="oc-50">
         <name>.debug_line</name>
         <load_address>0x4b0</load_address>
         <run_address>0x4b0</run_address>
         <size>0xdf</size>
         <input_file_ref idref="fl-5"/>
      </object_component>
      <object_component id="oc-55">
         <name>.debug_line</name>
         <load_address>0x58f</load_address>
         <run_address>0x58f</run_address>
         <size>0x6f</size>
         <input_file_ref idref="fl-6"/>
      </object_component>
      <object_component id="oc-5a">
         <name>.debug_line</name>
         <load_address>0x5fe</load_address>
         <run_address>0x5fe</run_address>
         <size>0xc5</size>
         <input_file_ref idref="fl-7"/>
      </object_component>
      <object_component id="oc-5f">
         <name>.debug_line</name>
         <load_address>0x6c3</load_address>
         <run_address>0x6c3</run_address>
         <size>0xc7</size>
         <input_file_ref idref="fl-8"/>
      </object_component>
      <object_component id="oc-64">
         <name>.debug_line</name>
         <load_address>0x78a</load_address>
         <run_address>0x78a</run_address>
         <size>0xca</size>
         <input_file_ref idref="fl-9"/>
      </object_component>
      <object_component id="oc-69">
         <name>.debug_line</name>
         <load_address>0x854</load_address>
         <run_address>0x854</run_address>
         <size>0xf9</size>
         <input_file_ref idref="fl-a"/>
      </object_component>
      <object_component id="oc-6e">
         <name>.debug_line</name>
         <load_address>0x94d</load_address>
         <run_address>0x94d</run_address>
         <size>0x15f</size>
         <input_file_ref idref="fl-b"/>
      </object_component>
      <object_component id="oc-73">
         <name>.debug_line</name>
         <load_address>0xaac</load_address>
         <run_address>0xaac</run_address>
         <size>0x93</size>
         <input_file_ref idref="fl-c"/>
      </object_component>
      <object_component id="oc-79">
         <name>.debug_line</name>
         <load_address>0xb3f</load_address>
         <run_address>0xb3f</run_address>
         <size>0xb8</size>
         <input_file_ref idref="fl-d"/>
      </object_component>
      <object_component id="oc-7f">
         <name>.debug_line</name>
         <load_address>0xbf7</load_address>
         <run_address>0xbf7</run_address>
         <size>0x221</size>
         <input_file_ref idref="fl-e"/>
      </object_component>
      <object_component id="oc-84">
         <name>.debug_line</name>
         <load_address>0xe18</load_address>
         <run_address>0xe18</run_address>
         <size>0x19f</size>
         <input_file_ref idref="fl-f"/>
      </object_component>
      <object_component id="oc-8a">
         <name>.debug_line</name>
         <load_address>0xfb7</load_address>
         <run_address>0xfb7</run_address>
         <size>0x2c9</size>
         <input_file_ref idref="fl-10"/>
      </object_component>
      <object_component id="oc-90">
         <name>.debug_line</name>
         <load_address>0x1280</load_address>
         <run_address>0x1280</run_address>
         <size>0x71</size>
         <input_file_ref idref="fl-11"/>
      </object_component>
      <object_component id="oc-97">
         <name>.debug_line</name>
         <load_address>0x12f1</load_address>
         <run_address>0x12f1</run_address>
         <size>0x45e</size>
         <input_file_ref idref="fl-12"/>
      </object_component>
      <object_component id="oc-9c">
         <name>.debug_line</name>
         <load_address>0x174f</load_address>
         <run_address>0x174f</run_address>
         <size>0x1c9</size>
         <input_file_ref idref="fl-13"/>
      </object_component>
      <object_component id="oc-be">
         <name>.debug_line</name>
         <load_address>0x1918</load_address>
         <run_address>0x1918</run_address>
         <size>0x1c4</size>
         <input_file_ref idref="fl-16"/>
      </object_component>
      <object_component id="oc-c3">
         <name>.debug_line</name>
         <load_address>0x1adc</load_address>
         <run_address>0x1adc</run_address>
         <size>0x1df</size>
         <input_file_ref idref="fl-17"/>
      </object_component>
      <object_component id="oc-c8">
         <name>.debug_line</name>
         <load_address>0x1cbb</load_address>
         <run_address>0x1cbb</run_address>
         <size>0x10d</size>
         <input_file_ref idref="fl-18"/>
      </object_component>
      <object_component id="oc-cd">
         <name>.debug_line</name>
         <load_address>0x1dc8</load_address>
         <run_address>0x1dc8</run_address>
         <size>0x37</size>
         <input_file_ref idref="fl-13f"/>
      </object_component>
      <object_component id="oc-d2">
         <name>.debug_line</name>
         <load_address>0x1dff</load_address>
         <run_address>0x1dff</run_address>
         <size>0x36</size>
         <input_file_ref idref="fl-140"/>
      </object_component>
      <object_component id="oc-d7">
         <name>.debug_line</name>
         <load_address>0x1e35</load_address>
         <run_address>0x1e35</run_address>
         <size>0x31</size>
         <input_file_ref idref="fl-141"/>
      </object_component>
      <object_component id="oc-db">
         <name>.debug_line</name>
         <load_address>0x1e66</load_address>
         <run_address>0x1e66</run_address>
         <size>0x87</size>
         <input_file_ref idref="fl-142"/>
      </object_component>
      <object_component id="oc-df">
         <name>.debug_line</name>
         <load_address>0x1eed</load_address>
         <run_address>0x1eed</run_address>
         <size>0x50</size>
         <input_file_ref idref="fl-143"/>
      </object_component>
      <object_component id="oc-e3">
         <name>.debug_line</name>
         <load_address>0x1f3d</load_address>
         <run_address>0x1f3d</run_address>
         <size>0x8d</size>
         <input_file_ref idref="fl-144"/>
      </object_component>
      <object_component id="oc-e7">
         <name>.debug_line</name>
         <load_address>0x1fca</load_address>
         <run_address>0x1fca</run_address>
         <size>0x4a</size>
         <input_file_ref idref="fl-145"/>
      </object_component>
      <object_component id="oc-eb">
         <name>.debug_line</name>
         <load_address>0x2014</load_address>
         <run_address>0x2014</run_address>
         <size>0x87</size>
         <input_file_ref idref="fl-146"/>
      </object_component>
      <object_component id="oc-ef">
         <name>.debug_line</name>
         <load_address>0x209b</load_address>
         <run_address>0x209b</run_address>
         <size>0x2d</size>
         <input_file_ref idref="fl-147"/>
      </object_component>
      <object_component id="oc-f3">
         <name>.debug_line</name>
         <load_address>0x20c8</load_address>
         <run_address>0x20c8</run_address>
         <size>0x85</size>
         <input_file_ref idref="fl-148"/>
      </object_component>
      <object_component id="oc-f7">
         <name>.debug_line</name>
         <load_address>0x214d</load_address>
         <run_address>0x214d</run_address>
         <size>0x47</size>
         <input_file_ref idref="fl-149"/>
      </object_component>
      <object_component id="oc-fb">
         <name>.debug_line</name>
         <load_address>0x2194</load_address>
         <run_address>0x2194</run_address>
         <size>0x43</size>
         <input_file_ref idref="fl-14a"/>
      </object_component>
      <object_component id="oc-ff">
         <name>.debug_line</name>
         <load_address>0x21d7</load_address>
         <run_address>0x21d7</run_address>
         <size>0xde</size>
         <input_file_ref idref="fl-14b"/>
      </object_component>
      <object_component id="oc-41">
         <name>.debug_abbrev</name>
         <load_address>0x0</load_address>
         <run_address>0x0</run_address>
         <size>0x135</size>
         <input_file_ref idref="fl-2"/>
      </object_component>
      <object_component id="oc-47">
         <name>.debug_abbrev</name>
         <load_address>0x135</load_address>
         <run_address>0x135</run_address>
         <size>0x4f</size>
         <input_file_ref idref="fl-3"/>
      </object_component>
      <object_component id="oc-4c">
         <name>.debug_abbrev</name>
         <load_address>0x184</load_address>
         <run_address>0x184</run_address>
         <size>0x132</size>
         <input_file_ref idref="fl-4"/>
      </object_component>
      <object_component id="oc-51">
         <name>.debug_abbrev</name>
         <load_address>0x2b6</load_address>
         <run_address>0x2b6</run_address>
         <size>0x10b</size>
         <input_file_ref idref="fl-5"/>
      </object_component>
      <object_component id="oc-56">
         <name>.debug_abbrev</name>
         <load_address>0x3c1</load_address>
         <run_address>0x3c1</run_address>
         <size>0xb4</size>
         <input_file_ref idref="fl-6"/>
      </object_component>
      <object_component id="oc-5b">
         <name>.debug_abbrev</name>
         <load_address>0x475</load_address>
         <run_address>0x475</run_address>
         <size>0xb4</size>
         <input_file_ref idref="fl-7"/>
      </object_component>
      <object_component id="oc-60">
         <name>.debug_abbrev</name>
         <load_address>0x529</load_address>
         <run_address>0x529</run_address>
         <size>0xd0</size>
         <input_file_ref idref="fl-8"/>
      </object_component>
      <object_component id="oc-65">
         <name>.debug_abbrev</name>
         <load_address>0x5f9</load_address>
         <run_address>0x5f9</run_address>
         <size>0xd1</size>
         <input_file_ref idref="fl-9"/>
      </object_component>
      <object_component id="oc-6a">
         <name>.debug_abbrev</name>
         <load_address>0x6ca</load_address>
         <run_address>0x6ca</run_address>
         <size>0xd0</size>
         <input_file_ref idref="fl-a"/>
      </object_component>
      <object_component id="oc-6f">
         <name>.debug_abbrev</name>
         <load_address>0x79a</load_address>
         <run_address>0x79a</run_address>
         <size>0x192</size>
         <input_file_ref idref="fl-b"/>
      </object_component>
      <object_component id="oc-74">
         <name>.debug_abbrev</name>
         <load_address>0x92c</load_address>
         <run_address>0x92c</run_address>
         <size>0xc8</size>
         <input_file_ref idref="fl-c"/>
      </object_component>
      <object_component id="oc-7a">
         <name>.debug_abbrev</name>
         <load_address>0x9f4</load_address>
         <run_address>0x9f4</run_address>
         <size>0x125</size>
         <input_file_ref idref="fl-d"/>
      </object_component>
      <object_component id="oc-80">
         <name>.debug_abbrev</name>
         <load_address>0xb19</load_address>
         <run_address>0xb19</run_address>
         <size>0x19e</size>
         <input_file_ref idref="fl-e"/>
      </object_component>
      <object_component id="oc-85">
         <name>.debug_abbrev</name>
         <load_address>0xcb7</load_address>
         <run_address>0xcb7</run_address>
         <size>0x96</size>
         <input_file_ref idref="fl-f"/>
      </object_component>
      <object_component id="oc-8b">
         <name>.debug_abbrev</name>
         <load_address>0xd4d</load_address>
         <run_address>0xd4d</run_address>
         <size>0x1b6</size>
         <input_file_ref idref="fl-10"/>
      </object_component>
      <object_component id="oc-91">
         <name>.debug_abbrev</name>
         <load_address>0xf03</load_address>
         <run_address>0xf03</run_address>
         <size>0x119</size>
         <input_file_ref idref="fl-11"/>
      </object_component>
      <object_component id="oc-98">
         <name>.debug_abbrev</name>
         <load_address>0x101c</load_address>
         <run_address>0x101c</run_address>
         <size>0x1c2</size>
         <input_file_ref idref="fl-12"/>
      </object_component>
      <object_component id="oc-9d">
         <name>.debug_abbrev</name>
         <load_address>0x11de</load_address>
         <run_address>0x11de</run_address>
         <size>0x172</size>
         <input_file_ref idref="fl-13"/>
      </object_component>
      <object_component id="oc-a1">
         <name>.debug_abbrev</name>
         <load_address>0x1350</load_address>
         <run_address>0x1350</run_address>
         <size>0xa3</size>
         <input_file_ref idref="fl-14"/>
      </object_component>
      <object_component id="oc-ba">
         <name>.debug_abbrev</name>
         <load_address>0x13f3</load_address>
         <run_address>0x13f3</run_address>
         <size>0x93</size>
         <input_file_ref idref="fl-15"/>
      </object_component>
      <object_component id="oc-bf">
         <name>.debug_abbrev</name>
         <load_address>0x1486</load_address>
         <run_address>0x1486</run_address>
         <size>0x11b</size>
         <input_file_ref idref="fl-16"/>
      </object_component>
      <object_component id="oc-c4">
         <name>.debug_abbrev</name>
         <load_address>0x15a1</load_address>
         <run_address>0x15a1</run_address>
         <size>0xff</size>
         <input_file_ref idref="fl-17"/>
      </object_component>
      <object_component id="oc-c9">
         <name>.debug_abbrev</name>
         <load_address>0x16a0</load_address>
         <run_address>0x16a0</run_address>
         <size>0xd3</size>
         <input_file_ref idref="fl-18"/>
      </object_component>
      <object_component id="oc-ce">
         <name>.debug_abbrev</name>
         <load_address>0x1773</load_address>
         <run_address>0x1773</run_address>
         <size>0xb9</size>
         <input_file_ref idref="fl-13f"/>
      </object_component>
      <object_component id="oc-d3">
         <name>.debug_abbrev</name>
         <load_address>0x182c</load_address>
         <run_address>0x182c</run_address>
         <size>0xe1</size>
         <input_file_ref idref="fl-140"/>
      </object_component>
      <object_component id="oc-d8">
         <name>.debug_abbrev</name>
         <load_address>0x190d</load_address>
         <run_address>0x190d</run_address>
         <size>0xb9</size>
         <input_file_ref idref="fl-141"/>
      </object_component>
      <object_component id="oc-dc">
         <name>.debug_abbrev</name>
         <load_address>0x19c6</load_address>
         <run_address>0x19c6</run_address>
         <size>0x3a</size>
         <input_file_ref idref="fl-142"/>
      </object_component>
      <object_component id="oc-e0">
         <name>.debug_abbrev</name>
         <load_address>0x1a00</load_address>
         <run_address>0x1a00</run_address>
         <size>0x48</size>
         <input_file_ref idref="fl-143"/>
      </object_component>
      <object_component id="oc-e4">
         <name>.debug_abbrev</name>
         <load_address>0x1a48</load_address>
         <run_address>0x1a48</run_address>
         <size>0x53</size>
         <input_file_ref idref="fl-144"/>
      </object_component>
      <object_component id="oc-e8">
         <name>.debug_abbrev</name>
         <load_address>0x1a9b</load_address>
         <run_address>0x1a9b</run_address>
         <size>0x46</size>
         <input_file_ref idref="fl-145"/>
      </object_component>
      <object_component id="oc-ec">
         <name>.debug_abbrev</name>
         <load_address>0x1ae1</load_address>
         <run_address>0x1ae1</run_address>
         <size>0x3a</size>
         <input_file_ref idref="fl-146"/>
      </object_component>
      <object_component id="oc-f0">
         <name>.debug_abbrev</name>
         <load_address>0x1b1b</load_address>
         <run_address>0x1b1b</run_address>
         <size>0x3a</size>
         <input_file_ref idref="fl-147"/>
      </object_component>
      <object_component id="oc-f4">
         <name>.debug_abbrev</name>
         <load_address>0x1b55</load_address>
         <run_address>0x1b55</run_address>
         <size>0x53</size>
         <input_file_ref idref="fl-148"/>
      </object_component>
      <object_component id="oc-f8">
         <name>.debug_abbrev</name>
         <load_address>0x1ba8</load_address>
         <run_address>0x1ba8</run_address>
         <size>0x3a</size>
         <input_file_ref idref="fl-149"/>
      </object_component>
      <object_component id="oc-fc">
         <name>.debug_abbrev</name>
         <load_address>0x1be2</load_address>
         <run_address>0x1be2</run_address>
         <size>0x54</size>
         <input_file_ref idref="fl-14a"/>
      </object_component>
      <object_component id="oc-100">
         <name>.debug_abbrev</name>
         <load_address>0x1c36</load_address>
         <run_address>0x1c36</run_address>
         <size>0x3a</size>
         <input_file_ref idref="fl-14b"/>
      </object_component>
      <object_component id="oc-172">
         <name>.debug_abbrev</name>
         <load_address>0x1c70</load_address>
         <run_address>0x1c70</run_address>
         <size>0x24</size>
      </object_component>
      <object_component id="oc-42">
         <name>.debug_aranges</name>
         <load_address>0x0</load_address>
         <run_address>0x0</run_address>
         <size>0x28</size>
         <input_file_ref idref="fl-2"/>
      </object_component>
      <object_component id="oc-48">
         <name>.debug_aranges</name>
         <load_address>0x28</load_address>
         <run_address>0x28</run_address>
         <size>0x28</size>
         <input_file_ref idref="fl-3"/>
      </object_component>
      <object_component id="oc-4d">
         <name>.debug_aranges</name>
         <load_address>0x50</load_address>
         <run_address>0x50</run_address>
         <size>0x50</size>
         <input_file_ref idref="fl-4"/>
      </object_component>
      <object_component id="oc-52">
         <name>.debug_aranges</name>
         <load_address>0xa0</load_address>
         <run_address>0xa0</run_address>
         <size>0x30</size>
         <input_file_ref idref="fl-5"/>
      </object_component>
      <object_component id="oc-57">
         <name>.debug_aranges</name>
         <load_address>0xd0</load_address>
         <run_address>0xd0</run_address>
         <size>0x20</size>
         <input_file_ref idref="fl-6"/>
      </object_component>
      <object_component id="oc-5c">
         <name>.debug_aranges</name>
         <load_address>0xf0</load_address>
         <run_address>0xf0</run_address>
         <size>0x40</size>
         <input_file_ref idref="fl-7"/>
      </object_component>
      <object_component id="oc-61">
         <name>.debug_aranges</name>
         <load_address>0x130</load_address>
         <run_address>0x130</run_address>
         <size>0x38</size>
         <input_file_ref idref="fl-8"/>
      </object_component>
      <object_component id="oc-66">
         <name>.debug_aranges</name>
         <load_address>0x168</load_address>
         <run_address>0x168</run_address>
         <size>0x28</size>
         <input_file_ref idref="fl-9"/>
      </object_component>
      <object_component id="oc-6b">
         <name>.debug_aranges</name>
         <load_address>0x190</load_address>
         <run_address>0x190</run_address>
         <size>0x40</size>
         <input_file_ref idref="fl-a"/>
      </object_component>
      <object_component id="oc-70">
         <name>.debug_aranges</name>
         <load_address>0x1d0</load_address>
         <run_address>0x1d0</run_address>
         <size>0x50</size>
         <input_file_ref idref="fl-b"/>
      </object_component>
      <object_component id="oc-75">
         <name>.debug_aranges</name>
         <load_address>0x220</load_address>
         <run_address>0x220</run_address>
         <size>0x28</size>
         <input_file_ref idref="fl-c"/>
      </object_component>
      <object_component id="oc-7b">
         <name>.debug_aranges</name>
         <load_address>0x248</load_address>
         <run_address>0x248</run_address>
         <size>0x40</size>
         <input_file_ref idref="fl-d"/>
      </object_component>
      <object_component id="oc-81">
         <name>.debug_aranges</name>
         <load_address>0x288</load_address>
         <run_address>0x288</run_address>
         <size>0x90</size>
         <input_file_ref idref="fl-e"/>
      </object_component>
      <object_component id="oc-86">
         <name>.debug_aranges</name>
         <load_address>0x318</load_address>
         <run_address>0x318</run_address>
         <size>0x88</size>
         <input_file_ref idref="fl-f"/>
      </object_component>
      <object_component id="oc-8c">
         <name>.debug_aranges</name>
         <load_address>0x3a0</load_address>
         <run_address>0x3a0</run_address>
         <size>0x78</size>
         <input_file_ref idref="fl-10"/>
      </object_component>
      <object_component id="oc-92">
         <name>.debug_aranges</name>
         <load_address>0x418</load_address>
         <run_address>0x418</run_address>
         <size>0x20</size>
         <input_file_ref idref="fl-11"/>
      </object_component>
      <object_component id="oc-99">
         <name>.debug_aranges</name>
         <load_address>0x438</load_address>
         <run_address>0x438</run_address>
         <size>0xe8</size>
         <input_file_ref idref="fl-12"/>
      </object_component>
      <object_component id="oc-9e">
         <name>.debug_aranges</name>
         <load_address>0x520</load_address>
         <run_address>0x520</run_address>
         <size>0x40</size>
         <input_file_ref idref="fl-13"/>
      </object_component>
      <object_component id="oc-c0">
         <name>.debug_aranges</name>
         <load_address>0x560</load_address>
         <run_address>0x560</run_address>
         <size>0x70</size>
         <input_file_ref idref="fl-16"/>
      </object_component>
      <object_component id="oc-c5">
         <name>.debug_aranges</name>
         <load_address>0x5d0</load_address>
         <run_address>0x5d0</run_address>
         <size>0x30</size>
         <input_file_ref idref="fl-17"/>
      </object_component>
      <object_component id="oc-ca">
         <name>.debug_aranges</name>
         <load_address>0x600</load_address>
         <run_address>0x600</run_address>
         <size>0x40</size>
         <input_file_ref idref="fl-18"/>
      </object_component>
      <object_component id="oc-cf">
         <name>.debug_aranges</name>
         <load_address>0x640</load_address>
         <run_address>0x640</run_address>
         <size>0x18</size>
         <input_file_ref idref="fl-13f"/>
      </object_component>
      <object_component id="oc-d4">
         <name>.debug_aranges</name>
         <load_address>0x658</load_address>
         <run_address>0x658</run_address>
         <size>0x18</size>
         <input_file_ref idref="fl-140"/>
      </object_component>
      <object_component id="oc-d9">
         <name>.debug_aranges</name>
         <load_address>0x670</load_address>
         <run_address>0x670</run_address>
         <size>0x18</size>
         <input_file_ref idref="fl-141"/>
      </object_component>
      <object_component id="oc-dd">
         <name>.debug_aranges</name>
         <load_address>0x688</load_address>
         <run_address>0x688</run_address>
         <size>0x20</size>
         <input_file_ref idref="fl-142"/>
      </object_component>
      <object_component id="oc-e1">
         <name>.debug_aranges</name>
         <load_address>0x6a8</load_address>
         <run_address>0x6a8</run_address>
         <size>0x20</size>
         <input_file_ref idref="fl-143"/>
      </object_component>
      <object_component id="oc-e5">
         <name>.debug_aranges</name>
         <load_address>0x6c8</load_address>
         <run_address>0x6c8</run_address>
         <size>0x28</size>
         <input_file_ref idref="fl-144"/>
      </object_component>
      <object_component id="oc-e9">
         <name>.debug_aranges</name>
         <load_address>0x6f0</load_address>
         <run_address>0x6f0</run_address>
         <size>0x20</size>
         <input_file_ref idref="fl-145"/>
      </object_component>
      <object_component id="oc-ed">
         <name>.debug_aranges</name>
         <load_address>0x710</load_address>
         <run_address>0x710</run_address>
         <size>0x20</size>
         <input_file_ref idref="fl-146"/>
      </object_component>
      <object_component id="oc-f1">
         <name>.debug_aranges</name>
         <load_address>0x730</load_address>
         <run_address>0x730</run_address>
         <size>0x18</size>
         <input_file_ref idref="fl-147"/>
      </object_component>
      <object_component id="oc-f5">
         <name>.debug_aranges</name>
         <load_address>0x748</load_address>
         <run_address>0x748</run_address>
         <size>0x28</size>
         <input_file_ref idref="fl-148"/>
      </object_component>
      <object_component id="oc-f9">
         <name>.debug_aranges</name>
         <load_address>0x770</load_address>
         <run_address>0x770</run_address>
         <size>0x20</size>
         <input_file_ref idref="fl-149"/>
      </object_component>
      <object_component id="oc-fd">
         <name>.debug_aranges</name>
         <load_address>0x790</load_address>
         <run_address>0x790</run_address>
         <size>0x20</size>
         <input_file_ref idref="fl-14a"/>
      </object_component>
      <object_component id="oc-101">
         <name>.debug_aranges</name>
         <load_address>0x7b0</load_address>
         <run_address>0x7b0</run_address>
         <size>0x20</size>
         <input_file_ref idref="fl-14b"/>
      </object_component>
   </object_component_list>
   <logical_group_list>
      <logical_group id="lg-2" display="no" color="cyan">
         <name>.fiq</name>
         <run_address>0x0</run_address>
         <size>0x0</size>
         <contents>
         </contents>
      </logical_group>
      <logical_group id="lg-3" display="no" color="cyan">
         <name>.text</name>
         <load_address>0x20</load_address>
         <run_address>0x20</run_address>
         <size>0x3bdc</size>
         <contents>
            <object_component_ref idref="oc-108"/>
            <object_component_ref idref="oc-10a"/>
            <object_component_ref idref="oc-105"/>
            <object_component_ref idref="oc-116"/>
            <object_component_ref idref="oc-111"/>
            <object_component_ref idref="oc-110"/>
            <object_component_ref idref="oc-120"/>
            <object_component_ref idref="oc-112"/>
            <object_component_ref idref="oc-10c"/>
            <object_component_ref idref="oc-107"/>
            <object_component_ref idref="oc-10e"/>
            <object_component_ref idref="oc-106"/>
            <object_component_ref idref="oc-113"/>
            <object_component_ref idref="oc-10d"/>
            <object_component_ref idref="oc-11d"/>
            <object_component_ref idref="oc-118"/>
            <object_component_ref idref="oc-11f"/>
            <object_component_ref idref="oc-11e"/>
            <object_component_ref idref="oc-43"/>
            <object_component_ref idref="oc-7d"/>
            <object_component_ref idref="oc-30"/>
            <object_component_ref idref="oc-88"/>
            <object_component_ref idref="oc-102"/>
            <object_component_ref idref="oc-11c"/>
            <object_component_ref idref="oc-109"/>
            <object_component_ref idref="oc-10f"/>
            <object_component_ref idref="oc-119"/>
            <object_component_ref idref="oc-10b"/>
            <object_component_ref idref="oc-117"/>
            <object_component_ref idref="oc-123"/>
            <object_component_ref idref="oc-11b"/>
            <object_component_ref idref="oc-11a"/>
            <object_component_ref idref="oc-77"/>
            <object_component_ref idref="oc-170"/>
            <object_component_ref idref="oc-16f"/>
            <object_component_ref idref="oc-16e"/>
            <object_component_ref idref="oc-16d"/>
            <object_component_ref idref="oc-16c"/>
            <object_component_ref idref="oc-16b"/>
            <object_component_ref idref="oc-16a"/>
            <object_component_ref idref="oc-169"/>
            <object_component_ref idref="oc-168"/>
            <object_component_ref idref="oc-167"/>
[...]
         <name>_pmbus_commands</name>
         <value>0x3da0</value>
         <object_component_ref idref="oc-121"/>
      </symbol>
      <symbol id="sm-417">
         <name>_cmd_dcdc_nonpaged</name>
         <value>0x3e94</value>
         <object_component_ref idref="oc-8e"/>
      </symbol>
      <symbol id="sm-4c0">
         <name>_setup_id</name>
         <value>0x3d00</value>
         <object_component_ref idref="oc-94"/>
      </symbol>
      <symbol id="sm-4c1">
         <name>_pmbus_read_write_rom_mode</name>
         <value>0x1484</value>
         <object_component_ref idref="oc-105"/>
      </symbol>
      <symbol id="sm-4c2">
         <name>_pmbus_read_write_device_id</name>
         <value>0x1734</value>
         <object_component_ref idref="oc-105"/>
      </symbol>
      <symbol id="sm-4c3">
         <name>_pmbus_read_two_byte_handler</name>
         <value>0x179c</value>
         <object_component_ref idref="oc-105"/>
      </symbol>
      <symbol id="sm-4c4">
         <name>_pmbus_read_write_debug_buffer</name>
         <value>0x1750</value>
         <object_component_ref idref="oc-105"/>
      </symbol>
      <symbol id="sm-4c5">
         <name>_pmbus_read_write_mfr_id</name>
         <value>0x16c8</value>
         <object_component_ref idref="oc-105"/>
      </symbol>
      <symbol id="sm-4c6">
         <name>_mfr_id</name>
         <value>0x3d54</value>
         <object_component_ref idref="oc-94"/>
      </symbol>
      <symbol id="sm-4c7">
         <name>_pmbus_read_write_mfr_location</name>
         <value>0x16b4</value>
         <object_component_ref idref="oc-105"/>
      </symbol>
      <symbol id="sm-4c8">
         <name>_pmbus_read_write_user_ram_00</name>
         <value>0x141c</value>
         <object_component_ref idref="oc-105"/>
      </symbol>
      <symbol id="sm-4c9">
         <name>_pmbus_read_write_capability</name>
         <value>0x1784</value>
         <object_component_ref idref="oc-105"/>
      </symbol>
      <symbol id="sm-4ca">
         <name>_init_pmbus</name>
         <value>0x17b0</value>
         <object_component_ref idref="oc-105"/>
      </symbol>
      <symbol id="sm-4cb">
         <name>_watchdog_reset</name>
         <value>0x13a8</value>
         <object_component_ref idref="oc-105"/>
      </symbol>
      <symbol id="sm-4cc">
         <name>_pmbus_read_write_mfr_ic_device</name>
         <value>0x16f0</value>
         <object_component_ref idref="oc-105"/>
      </symbol>
      <symbol id="sm-4cd">
         <name>_pmbus_read_write_mfr_date</name>
         <value>0x1704</value>
         <object_component_ref idref="oc-105"/>
      </symbol>
      <symbol id="sm-4ce">
         <name>_yes_text</name>
         <value>0x3d9c</value>
         <object_component_ref idref="oc-94"/>
      </symbol>
      <symbol id="sm-4cf">
         <name>_mfr_location</name>
         <value>0x3d30</value>
         <object_component_ref idref="oc-94"/>
      </symbol>
      <symbol id="sm-4d0">
         <name>_pmbus_read_write_parm_info</name>
         <value>0x15e8</value>
         <object_component_ref idref="oc-105"/>
      </symbol>
      <symbol id="sm-4d1">
         <name>_pmbus_write_gui_constant</name>
         <value>0x1410</value>
         <object_component_ref idref="oc-105"/>
      </symbol>
      <symbol id="sm-4d2">
         <name>_parm_mem_start</name>
         <value>0x3e28</value>
         <object_component_ref idref="oc-115"/>
      </symbol>
      <symbol id="sm-4d3">
         <name>_debug_7_text</name>
         <value>0x3d90</value>
         <object_component_ref idref="oc-94"/>
      </symbol>
      <symbol id="sm-4d4">
         <name>_debug_6_text</name>
         <value>0x3d88</value>
         <object_component_ref idref="oc-94"/>
      </symbol>
      <symbol id="sm-4d5">
         <name>_debug_5_text</name>
         <value>0x3d80</value>
         <object_component_ref idref="oc-94"/>
      </symbol>
      <symbol id="sm-4d6">
         <name>_debug_4_text</name>
         <value>0x3d78</value>
         <object_component_ref idref="oc-94"/>
      </symbol>
      <symbol id="sm-4d7">
         <name>_debug_3_text</name>
         <value>0x3d70</value>
         <object_component_ref idref="oc-94"/>
      </symbol>
      <symbol id="sm-4d8">
         <name>_debug_2_text</name>
         <value>0x3d68</value>
         <object_component_ref idref="oc-94"/>
      </symbol>
      <symbol id="sm-4d9">
         <name>_debug_1_text</name>
         <value>0x3d60</value>
         <object_component_ref idref="oc-94"/>
      </symbol>
      <symbol id="sm-4da">
         <name>_debug_0_text</name>
         <value>0x3d58</value>
         <object_component_ref idref="oc-94"/>
      </symbol>
      <symbol id="sm-4db">
         <name>_mfr_revision</name>
         <value>0x3d24</value>
         <object_component_ref idref="oc-94"/>
      </symbol>
      <symbol id="sm-4dc">
         <name>_parm_mem_length</name>
         <value>0x3ef4</value>
         <object_component_ref idref="oc-114"/>
      </symbol>
      <symbol id="sm-4dd">
         <name>_pmbus_read_write_mfr_serial</name>
         <value>0x1678</value>
         <object_component_ref idref="oc-105"/>
      </symbol>
      <symbol id="sm-4de">
         <name>_pmbus_read_write_mfr_ic_device_rev</name>
         <value>0x16dc</value>
         <object_component_ref idref="oc-105"/>
      </symbol>
      <symbol id="sm-4df">
         <name>_pmbus_read_write_mfr_model</name>
         <value>0x16a0</value>
         <object_component_ref idref="oc-105"/>
      </symbol>
      <symbol id="sm-4e0">
         <name>_device_id_string</name>
         <value>0x7f58</value>
         <object_component_ref idref="oc-95"/>
      </symbol>
      <symbol id="sm-4e1">
         <name>_pmbus_read_write_parm_value</name>
         <value>0x14c4</value>
         <object_component_ref idref="oc-105"/>
      </symbol>
      <symbol id="sm-4e2">
         <name>_pmbus_read_write_mfr_revision</name>
         <value>0x168c</value>
         <object_component_ref idref="oc-105"/>
      </symbol>
      <symbol id="sm-4e3">
         <name>_mfr_ic_device_rev</name>
         <value>0x3d50</value>
         <object_component_ref idref="oc-94"/>
      </symbol>
      <symbol id="sm-4e4">
         <name>_send_string</name>
         <value>0x13d0</value>
         <object_component_ref idref="oc-105"/>
      </symbol>
      <symbol id="sm-4e5">
         <name>_mfr_model</name>
         <value>0x3d10</value>
         <object_component_ref idref="oc-94"/>
      </symbol>
      <symbol id="sm-4e6">
         <name>_mfr_serial</name>
         <value>0x3d3c</value>
         <object_component_ref idref="oc-94"/>
      </symbol>
      <symbol id="sm-4e7">
         <name>_pmbus_invalid_read</name>
         <value>0x1438</value>
         <object_component_ref idref="oc-105"/>
      </symbol>
      <symbol id="sm-4e8">
         <name>_mfr_date</name>
         <value>0x3d28</value>
         <object_component_ref idref="oc-94"/>
      </symbol>
      <symbol id="sm-4e9">
         <name>_na_text</name>
         <value>0x3d98</value>
         <object_component_ref idref="oc-94"/>
      </symbol>
      <symbol id="sm-4ea">
         <name>_pmbus_write_rom_mode</name>
         <value>0x13f4</value>
         <object_component_ref idref="oc-105"/>
      </symbol>
      <symbol id="sm-4eb">
         <name>_pmbus_read_one_byte_handler</name>
         <value>0x149c</value>
         <object_component_ref idref="oc-105"/>
      </symbol>
      <symbol id="sm-4ec">
         <name>_pmbus_read_write_mfr_setup_id</name>
         <value>0x1664</value>
         <object_component_ref idref="oc-105"/>
      </symbol>
      <symbol id="sm-4ed">
         <name>_mfr_ic_device</name>
         <value>0x3d44</value>
         <object_component_ref idref="oc-94"/>
      </symbol>
      <symbol id="sm-4ee">
         <name>_pmbus_read_write_pmbus_revision</name>
         <value>0x14ac</value>
         <object_component_ref idref="oc-105"/>
      </symbol>
      <symbol id="sm-4ef">
         <name>_pmbus_read_write_invalid_command</name>
         <value>0x1720</value>
         <object_component_ref idref="oc-105"/>
      </symbol>
      <symbol id="sm-52c">
         <name>_pmbus_read_block_handler</name>
         <value>0x1ee0</value>
         <object_component_ref idref="oc-110"/>
      </symbol>
      <symbol id="sm-52d">
         <name>_pmbus_write_block_handler</name>
         <value>0x1e2c</value>
         <object_component_ref idref="oc-110"/>
      </symbol>
      <symbol id="sm-52e">
         <name>_pmbus_idle_handler</name>
         <value>0x1f94</value>
         <object_component_ref idref="oc-110"/>
      </symbol>
      <symbol id="sm-52f">
         <name>_pmbus_handler</name>
         <value>0x2060</value>
         <object_component_ref idref="oc-110"/>
      </symbol>
      <symbol id="sm-530">
         <name>_pmbus_read_wait_for_eom_handler</name>
         <value>0x1ec0</value>
         <object_component_ref idref="oc-110"/>
      </symbol>
      <symbol id="sm-541">
         <name>_filter1_pmbus_regs_constants</name>
         <value>0x188e4</value>
         <object_component_ref idref="oc-a0"/>
      </symbol>
      <symbol id="sm-542">
         <name>_pmbus_dcdc_cal_constants</name>
         <value>0x18930</value>
         <object_component_ref idref="oc-a0"/>
      </symbol>
      <symbol id="sm-543">
         <name>_filter0_pmbus_regs_constants</name>
         <value>0x18800</value>
         <object_component_ref idref="oc-a0"/>
      </symbol>
      <symbol id="sm-544">
         <name>_pmbus_dcdc_config_nonpaged_constants</name>
         <value>0x18998</value>
         <object_component_ref idref="oc-a0"/>
      </symbol>
      <symbol id="sm-545">
         <name>_pmbus_dcdc_config_constants</name>
         <value>0x18940</value>
         <object_component_ref idref="oc-a0"/>
      </symbol>
      <symbol id="sm-546">
         <name>_filter0_cp_pmbus_regs_constants</name>
         <value>0x18898</value>
         <object_component_ref idref="oc-a0"/>
      </symbol>
      <symbol id="sm-547">
         <name>_pmbus_checksum</name>
         <value>0x189c8</value>
         <object_component_ref idref="oc-a0"/>
      </symbol>
      <symbol id="sm-548">
         <name>_filter0_start_up_pmbus_regs_constants</name>
         <value>0x1884c</value>
         <object_component_ref idref="oc-a0"/>
      </symbol>
      <symbol id="sm-549">
         <name>_pmbus_dcdc_cal_nonpaged_constants</name>
         <value>0x1893c</value>
         <object_component_ref idref="oc-a0"/>
      </symbol>
      <symbol id="sm-57d">
         <name>_MmcRegs</name>
         <value>0xfffffd00</value>
         <object_component_ref idref="oc-b4"/>
      </symbol>
      <symbol id="sm-57e">
         <name>_PMBusRegs</name>
         <value>0xfff7f600</value>
         <object_component_ref idref="oc-b5"/>
      </symbol>
      <symbol id="sm-57f">
         <name>_TimerRegs</name>
         <value>0xfff7fd00</value>
         <object_component_ref idref="oc-b7"/>
      </symbol>
      <symbol id="sm-580">
         <name>_CimRegs</name>
         <value>0xffffff20</value>
         <object_component_ref idref="oc-a4"/>
      </symbol>
      <symbol id="sm-581">
         <name>_GioRegs</name>
         <value>0xfff7fa00</value>
         <object_component_ref idref="oc-b0"/>
      </symbol>
      <symbol id="sm-582">
         <name>_Filter2Regs</name>
         <value>0x60000</value>
         <object_component_ref idref="oc-b1"/>
      </symbol>
      <symbol id="sm-583">
         <name>_Uart1Regs</name>
         <value>0xfff7ed00</value>
         <object_component_ref idref="oc-b9"/>
      </symbol>
      <symbol id="sm-584">
         <name>_FeCtrl0Regs</name>
         <value>0xe0000</value>
         <object_component_ref idref="oc-ab"/>
      </symbol>
      <symbol id="sm-585">
         <name>_SysRegs</name>
         <value>0xffffffd0</value>
         <object_component_ref idref="oc-b6"/>
      </symbol>
      <symbol id="sm-586">
         <name>_Dpwm0Regs</name>
         <value>0xd0000</value>
         <object_component_ref idref="oc-a6"/>
      </symbol>
      <symbol id="sm-587">
         <name>_Uart0Regs</name>
         <value>0xfff7ec00</value>
         <object_component_ref idref="oc-b8"/>
      </symbol>
      <symbol id="sm-588">
         <name>_FeCtrl1Regs</name>
         <value>0xb0000</value>
         <object_component_ref idref="oc-ac"/>
      </symbol>
      <symbol id="sm-589">
         <name>_Filter0Regs</name>
         <value>0xc0000</value>
         <object_component_ref idref="oc-ae"/>
      </symbol>
      <symbol id="sm-58a">
         <name>_AdcRegs</name>
         <value>0x40000</value>
         <object_component_ref idref="oc-a3"/>
      </symbol>
      <symbol id="sm-58b">
         <name>_Dpwm1Regs</name>
         <value>0xa0000</value>
         <object_component_ref idref="oc-a7"/>
      </symbol>
      <symbol id="sm-58c">
         <name>_FaultMuxRegs</name>
         <value>0x30000</value>
         <object_component_ref idref="oc-aa"/>
      </symbol>
      <symbol id="sm-58d">
         <name>_DecRegs</name>
         <value>0xfffffe00</value>
         <object_component_ref idref="oc-a5"/>
      </symbol>
      <symbol id="sm-58e">
         <name>_FeCtrl2Regs</name>
         <value>0x80000</value>
         <object_component_ref idref="oc-ad"/>
      </symbol>
      <symbol id="sm-58f">
         <name>_Filter1Regs</name>
         <value>0x90000</value>
         <object_component_ref idref="oc-af"/>
      </symbol>
      <symbol id="sm-590">
         <name>_Dpwm2Regs</name>
         <value>0x70000</value>
         <object_component_ref idref="oc-a8"/>
      </symbol>
      <symbol id="sm-591">
         <name>_LoopMuxRegs</name>
         <value>0x20000</value>
         <object_component_ref idref="oc-b2"/>
      </symbol>
      <symbol id="sm-592">
         <name>_MiscAnalogRegs</name>
         <value>0xfff7f000</value>
         <object_component_ref idref="oc-b3"/>
      </symbol>
      <symbol id="sm-593">
         <name>_Dpwm3Regs</name>
         <value>0x50000</value>
         <object_component_ref idref="oc-a9"/>
      </symbol>
      <symbol id="sm-5ee">
         <name>_control_sr_on_off</name>
         <value>0x1824</value>
         <object_component_ref idref="oc-116"/>
      </symbol>
      <symbol id="sm-5ef">
         <name>_configure_iout_ocp</name>
         <value>0x1a68</value>
         <object_component_ref idref="oc-116"/>
      </symbol>
      <symbol id="sm-5f0">
         <name>_configure_vin_on_off_thresholds</name>
         <value>0x1984</value>
         <object_component_ref idref="oc-116"/>
      </symbol>
      <symbol id="sm-5f1">
         <name>_configure_vout_timing</name>
         <value>0x18f0</value>
         <object_component_ref idref="oc-116"/>
      </symbol>
      <symbol id="sm-5f2">
         <name>_configure_pgood_levels</name>
         <value>0x19f4</value>
         <object_component_ref idref="oc-116"/>
      </symbol>
      <symbol id="sm-5f3">
         <name>_configure_warning_levels</name>
         <value>0x184c</value>
         <object_component_ref idref="oc-116"/>
      </symbol>
      <symbol id="sm-5f4">
         <name>_configure_uvp</name>
         <value>0x19bc</value>
         <object_component_ref idref="oc-116"/>
      </symbol>
      <symbol id="sm-5f5">
         <name>_configure_ovp</name>
         <value>0x1a2c</value>
         <object_component_ref idref="oc-116"/>
      </symbol>
      <symbol id="sm-5f6">
         <name>_configure_cc_dac_value</name>
         <value>0x1b0c</value>
         <object_component_ref idref="oc-116"/>
      </symbol>
      <symbol id="sm-5f7">
         <name>_configure_vout_cmd</name>
         <value>0x195c</value>
         <object_component_ref idref="oc-116"/>
      </symbol>
      <symbol id="sm-5f8">
         <name>_configure_fault_levels</name>
         <value>0x1a88</value>
         <object_component_ref idref="oc-116"/>
      </symbol>
      <symbol id="sm-665">
         <name>_handle_pgood</name>
         <value>0x2400</value>
         <object_component_ref idref="oc-112"/>
      </symbol>
      <symbol id="sm-666">
         <name>_handle_warnings</name>
         <value>0x2348</value>
         <object_component_ref idref="oc-112"/>
      </symbol>
      <symbol id="sm-667">
         <name>_handle_faults</name>
         <value>0x2440</value>
         <object_component_ref idref="oc-112"/>
      </symbol>
      <symbol id="sm-6a4">
         <name>_qnote_linear16_multiply_fit</name>
         <value>0x30a0</value>
         <object_component_ref idref="oc-11d"/>
      </symbol>
      <symbol id="sm-6a5">
         <name>_qnote_scale_int32</name>
         <value>0x3050</value>
         <object_component_ref idref="oc-11d"/>
      </symbol>
      <symbol id="sm-6a6">
         <name>_qnote_to_linear11</name>
         <value>0x3024</value>
         <object_component_ref idref="oc-11d"/>
      </symbol>
      <symbol id="sm-6a7">
         <name>_qnote_linear11_multiply_fit</name>
         <value>0x30ec</value>
         <object_component_ref idref="oc-11d"/>
      </symbol>
      <symbol id="sm-6a8">
         <name>_linear11_to_qnote</name>
         <value>0x313c</value>
         <object_component_ref idref="oc-11d"/>
      </symbol>
      <symbol id="sm-6df">
         <name>FD_MUL</name>
         <value>0x316c</value>
         <object_component_ref idref="oc-118"/>
      </symbol>
      <symbol id="sm-6f1">
         <name>FD_TOU</name>
         <value>0x3958</value>
         <object_component_ref idref="oc-119"/>
      </symbol>
      <symbol id="sm-70f">
         <name>I_MOD</name>
         <value>0x3298</value>
         <object_component_ref idref="oc-11f"/>
      </symbol>
      <symbol id="sm-710">
         <name>I$DIV</name>
         <value>0x3294</value>
         <object_component_ref idref="oc-11f"/>
      </symbol>
      <symbol id="sm-711">
         <name>I$MOD</name>
         <value>0x3294</value>
         <object_component_ref idref="oc-11f"/>
      </symbol>
      <symbol id="sm-712">
         <name>I_DIV</name>
         <value>0x3298</value>
         <object_component_ref idref="oc-11f"/>
      </symbol>
      <symbol id="sm-726">
         <name>LL$MUL</name>
         <value>0x3a38</value>
         <object_component_ref idref="oc-123"/>
      </symbol>
      <symbol id="sm-746">
         <name>C$MEMCPY</name>
         <value>0x374c</value>
         <object_component_ref idref="oc-102"/>
      </symbol>
      <symbol id="sm-76c">
         <name>U$MOD</name>
         <value>0x3394</value>
         <object_component_ref idref="oc-11e"/>
      </symbol>
      <symbol id="sm-76d">
         <name>U_DIV</name>
         <value>0x3398</value>
         <object_component_ref idref="oc-11e"/>
      </symbol>
      <symbol id="sm-76e">
         <name>U_MOD</name>
         <value>0x3398</value>
         <object_component_ref idref="oc-11e"/>
      </symbol>
      <symbol id="sm-76f">
         <name>U$DIV</name>
         <value>0x3394</value>
         <object_component_ref idref="oc-11e"/>
      </symbol>
      <symbol id="sm-780">
         <name>U_TOFD</name>
         <value>0x3a04</value>
         <object_component_ref idref="oc-117"/>
      </symbol>
      <symbol id="sm-791">
         <name>ULL$DIV</name>
         <value>0x3a8c</value>
         <object_component_ref idref="oc-11a"/>
      </symbol>
      <symbol id="sm-792">
         <name>ULL$MOD</name>
         <value>0x3a8c</value>
         <object_component_ref idref="oc-11a"/>
      </symbol>
      <symbol id="sm-7c0">
         <name>ULL_DIV</name>
         <value>0x20bc</value>
         <object_component_ref idref="oc-120"/>
      </symbol>
      <symbol id="sm-7c1">
         <name>ULL_MOD</name>
         <value>0x20bc</value>
         <object_component_ref idref="oc-120"/>
      </symbol>
   </symbol_table>
   <title>Link successful</title>
</link_info>
