******************************************************************************
                  TI ARM Linker PC v5.2.9                      
******************************************************************************
>> Linked Tue Jul 02 08:19:39 2024

OUTPUT FILE NAME:   <LLC_HB.out>
ENTRY POINT SYMBOL: "_c_int00"  address: 00000114


MEMORY CONFIGURATION

         name            origin    length      used     unused   attr    fill
----------------------  --------  ---------  --------  --------  ----  --------
  VECS                  00000000   00000020  00000020  00000000  RWIX
  PFLASH                00000020   00007f38  000000f4  00007e44  R  X
  DEVICEID              00007f58   00000020  00000000  00000020  R  X
  FIXTFA                00007f78   00000004  00000000  00000004  R  X
  FIXCONST              00007f7c   00000080  00000000  00000080  R  X
  FLASHSUM              00007ffc   00000004  00000000  00000004  R  X
  ROM                   0000a020   00000be0  00000000  00000be0  RWIX
  SINE                  0000ac00   00000282  00000000  00000282  RWIX
  EXP                   0000ae82   0000007a  00000000  0000007a  RWIX
  DFLASH                00018800   00000800  00000000  00000800  R  X
  TESTER                00019000   0000001c  00000000  0000001c  RW  
  RAM                   0001901c   00000e50  00000000  00000e50  RW  
  STACKS                00019e6c   00000190  00000000  00000190  RW  
  ROMLOCK               00019ffc   00000004  00000000  00000004  RW  
  LOOP_MUX              00020000   00000090  00000000  00000090  RWIX
  FAULT_MUX             00030000   00000080  00000000  00000080  RWIX
  ADC                   00040000   00000098  00000000  00000098  RWIX
  DPWM3                 00050000   00000090  00000000  00000090  RWIX
  FILTER2               00060000   00000064  00000000  00000064  RWIX
  DPWM2                 00070000   00000090  00000000  00000090  RWIX
  FE_CTRL2              00080000   00000044  00000000  00000044  RWIX
  FILTER1               00090000   00000064  00000000  00000064  RWIX
  DPWM1                 000a0000   00000090  00000000  00000090  RWIX
  FE_CTRL1              000b0000   00000044  00000000  00000044  RWIX
  FILTER0               000c0000   00000064  00000000  00000064  RWIX
  DPWM0                 000d0000   00000090  00000000  00000090  RWIX
  FE_CTRL0              000e0000   00000044  00000000  00000044  RWIX
  UART0                 fff7ec00   00000050  00000000  00000050  RWIX
  UART1                 fff7ed00   00000050  00000000  00000050  RWIX
  MISC_ANALOG           fff7f000   0000004c  00000000  0000004c  RWIX
  PMBUS                 fff7f600   00000024  00000000  00000024  RWIX
  GIO                   fff7fa00   00000040  00000000  00000040  RWIX
  TIMER                 fff7fd00   0000009c  00000000  0000009c  RWIX
  MMC                   fffffd00   0000003c  00000000  0000003c  RWIX
  DEC                   fffffe00   0000009c  00000000  0000009c  RWIX
  CIM                   ffffff20   00000018  00000000  00000018  RWIX
  SYS                   ffffffd0   00000030  00000000  00000030  RWIX


SECTION ALLOCATION MAP

 output                                  attributes/
section   page    origin      length       input sections
--------  ----  ----------  ----------   ----------------
.text      0    00000020    000000f4     
                  00000020    000000d8     load_UCD3138A.obj (.text)
                  000000f8    00000018     interrupt.obj (.text:retain)
                  00000110    00000004     main.obj (.text)

.cinit     0    00000020    00000000     UNINITIALIZED

.vectors   0    00000000    00000020     
                  00000000    00000020     load_UCD3138A.obj (.vectors)

.bss       0    0001901c    00000000     UNINITIALIZED

.stack     0    00019e6c    00000000     UNINITIALIZED


GLOBAL SYMBOLS: SORTED ALPHABETICALLY BY Name 

address   name                            
-------   ----                            
0001901c  .bss                            
00000020  .text                           
00019fec  _StackABORT_                    
00019f94  _StackFIQ_                      
00019fe8  _StackIRQ_                      
00019ffc  _StackSUPER_                    
00019ff0  _StackUND_                      
00019f24  _StackUSER_                     
ffffffff  ___binit__                      
0001901c  ___bss__                        
ffffffff  ___c_args__                     
ffffffff  ___cinit__                      
0001901c  ___end__                        
00000114  ___etext__                      
ffffffff  ___pinit__                      
00000020  ___text__                       
0000010c  _abort_data_fetch_exception     
00000108  _abort_prefetch_exception       
00000114  _c_int00                        
00000104  _fast_interrupt                 
00000110  _main                           
00000100  _software_interrupt             
000000fc  _standard_interrupt             
000000f8  _undefined_instruction_exception
ffffffff  binit                           
ffffffff  cinit                           
0001901c  end                             
00000114  etext                           
ffffffff  pinit                           
ffffa4dc  rom_main                        


GLOBAL SYMBOLS: SORTED BY Symbol Address 

address   name                            
-------   ----                            
00000020  .text                           
00000020  ___text__                       
000000f8  _undefined_instruction_exception
000000fc  _standard_interrupt             
00000100  _software_interrupt             
00000104  _fast_interrupt                 
00000108  _abort_prefetch_exception       
0000010c  _abort_data_fetch_exception     
00000110  _main                           
00000114  ___etext__                      
00000114  _c_int00                        
00000114  etext                           
0001901c  .bss                            
0001901c  ___bss__                        
0001901c  ___end__                        
0001901c  end                             
00019f24  _StackUSER_                     
00019f94  _StackFIQ_                      
00019fe8  _StackIRQ_                      
00019fec  _StackABORT_                    
00019ff0  _StackUND_                      
00019ffc  _StackSUPER_                    
ffffa4dc  rom_main                        
ffffffff  ___binit__                      
ffffffff  ___c_args__                     
ffffffff  ___cinit__                      
ffffffff  ___pinit__                      
ffffffff  binit                           
ffffffff  cinit                           
ffffffff  pinit                           

[30 symbols]
